[2026-06-08T11:37:39.705+0000] {local_task_job_runner.py:120} INFO - ::group::Pre task execution logs
[2026-06-08T11:37:39.819+0000] {taskinstance.py:2076} INFO - Dependencies all met for dep_context=non-requeueable deps ti=<TaskInstance: retail_anomaly_pipeline.ingest_csvs_to_snowflake scheduled__2026-06-07T06:00:00+00:00 [queued]>
[2026-06-08T11:37:39.836+0000] {taskinstance.py:2076} INFO - Dependencies all met for dep_context=requeueable deps ti=<TaskInstance: retail_anomaly_pipeline.ingest_csvs_to_snowflake scheduled__2026-06-07T06:00:00+00:00 [queued]>
[2026-06-08T11:37:39.837+0000] {taskinstance.py:2306} INFO - Starting attempt 2 of 2
[2026-06-08T11:37:39.857+0000] {taskinstance.py:2330} INFO - Executing <Task(PythonOperator): ingest_csvs_to_snowflake> on 2026-06-07 06:00:00+00:00
[2026-06-08T11:37:39.878+0000] {logging_mixin.py:188} WARNING - /home/***/.local/lib/python3.12/site-packages/***/task/task_runner/standard_task_runner.py:61 DeprecationWarning: This process (pid=338) is multi-threaded, use of fork() may lead to deadlocks in the child.
[2026-06-08T11:37:39.877+0000] {standard_task_runner.py:90} INFO - Running: ['***', 'tasks', 'run', 'retail_anomaly_pipeline', 'ingest_csvs_to_snowflake', 'scheduled__2026-06-07T06:00:00+00:00', '--job-id', '3', '--raw', '--subdir', 'DAGS_FOLDER/retail_pipeline.py', '--cfg-path', '/tmp/tmpboe_r8kr']
[2026-06-08T11:37:39.880+0000] {standard_task_runner.py:63} INFO - Started process 344 to run task
[2026-06-08T11:37:39.881+0000] {standard_task_runner.py:91} INFO - Job 3: Subtask ingest_csvs_to_snowflake
[2026-06-08T11:37:40.330+0000] {task_command.py:426} INFO - Running <TaskInstance: retail_anomaly_pipeline.ingest_csvs_to_snowflake scheduled__2026-06-07T06:00:00+00:00 [running]> on host 5666d8c58f36
[2026-06-08T11:37:40.581+0000] {taskinstance.py:2648} INFO - Exporting env vars: AIRFLOW_CTX_DAG_OWNER='retail-de' AIRFLOW_CTX_DAG_ID='retail_anomaly_pipeline' AIRFLOW_CTX_TASK_ID='ingest_csvs_to_snowflake' AIRFLOW_CTX_EXECUTION_DATE='2026-06-07T06:00:00+00:00' AIRFLOW_CTX_TRY_NUMBER='2' AIRFLOW_CTX_DAG_RUN_ID='scheduled__2026-06-07T06:00:00+00:00'
[2026-06-08T11:37:40.584+0000] {taskinstance.py:430} INFO - ::endgroup::
[2026-06-08T11:37:40.628+0000] {ingest.py:86} INFO - === TASK 1: INGESTION STARTED ===
[2026-06-08T11:37:40.631+0000] {connection.py:399} INFO - Snowflake Connector for Python Version: 3.10.0, Python Version: 3.12.3, Platform: Linux-6.6.87.2-microsoft-standard-WSL2-x86_64-with-glibc2.36
[2026-06-08T11:37:40.633+0000] {connection.py:1239} INFO - This connection is in OCSP Fail Open Mode. TLS Certificates would be checked for validity and revocation status. Any other Certificate Revocation related exceptions or OCSP Responder failures would be disregarded in favor of connectivity.
[2026-06-08T11:37:42.291+0000] {taskinstance.py:441} INFO - ::group::Post task execution logs
[2026-06-08T11:37:42.292+0000] {taskinstance.py:2905} ERROR - Task failed with exception
Traceback (most recent call last):
  File "/home/airflow/.local/lib/python3.12/site-packages/airflow/models/taskinstance.py", line 465, in _execute_task
    result = _execute_callable(context=context, **execute_callable_kwargs)
             ^^^^^^^^^^^^^^^^^^^^^^^^^^^^^^^^^^^^^^^^^^^^^^^^^^^^^^^^^^^^^
  File "/home/airflow/.local/lib/python3.12/site-packages/airflow/models/taskinstance.py", line 432, in _execute_callable
    return execute_callable(context=context, **execute_callable_kwargs)
           ^^^^^^^^^^^^^^^^^^^^^^^^^^^^^^^^^^^^^^^^^^^^^^^^^^^^^^^^^^^^
  File "/home/airflow/.local/lib/python3.12/site-packages/airflow/models/baseoperator.py", line 400, in wrapper
    return func(self, *args, **kwargs)
           ^^^^^^^^^^^^^^^^^^^^^^^^^^^
  File "/home/airflow/.local/lib/python3.12/site-packages/airflow/operators/python.py", line 235, in execute
    return_value = self.execute_callable()
                   ^^^^^^^^^^^^^^^^^^^^^^^
  File "/home/airflow/.local/lib/python3.12/site-packages/airflow/operators/python.py", line 252, in execute_callable
    return self.python_callable(*self.op_args, **self.op_kwargs)
           ^^^^^^^^^^^^^^^^^^^^^^^^^^^^^^^^^^^^^^^^^^^^^^^^^^^^^
  File "/opt/airflow/tasks/ingest.py", line 87, in run_ingest
    conn = get_connection()
           ^^^^^^^^^^^^^^^^
  File "/opt/airflow/tasks/snowflake_conn.py", line 17, in get_connection
    conn = snowflake.connector.connect(
           ^^^^^^^^^^^^^^^^^^^^^^^^^^^^
  File "/home/airflow/.local/lib/python3.12/site-packages/snowflake/connector/__init__.py", line 55, in Connect
    return SnowflakeConnection(**kwargs)
           ^^^^^^^^^^^^^^^^^^^^^^^^^^^^^
  File "/home/airflow/.local/lib/python3.12/site-packages/snowflake/connector/connection.py", line 442, in __init__
    self.connect(**kwargs)
  File "/home/airflow/.local/lib/python3.12/site-packages/snowflake/connector/connection.py", line 745, in connect
    self.__open_connection()
  File "/home/airflow/.local/lib/python3.12/site-packages/snowflake/connector/connection.py", line 1073, in __open_connection
    self.authenticate_with_retry(self.auth_class)
  File "/home/airflow/.local/lib/python3.12/site-packages/snowflake/connector/connection.py", line 1345, in authenticate_with_retry
    self._authenticate(auth_instance)
  File "/home/airflow/.local/lib/python3.12/site-packages/snowflake/connector/connection.py", line 1373, in _authenticate
    auth.authenticate(
  File "/home/airflow/.local/lib/python3.12/site-packages/snowflake/connector/auth/_auth.py", line 250, in authenticate
    ret = self._rest._post_request(
          ^^^^^^^^^^^^^^^^^^^^^^^^^
  File "/home/airflow/.local/lib/python3.12/site-packages/snowflake/connector/network.py", line 734, in _post_request
    ret = self.fetch(
          ^^^^^^^^^^^
  File "/home/airflow/.local/lib/python3.12/site-packages/snowflake/connector/network.py", line 843, in fetch
    ret = self._request_exec_wrapper(
          ^^^^^^^^^^^^^^^^^^^^^^^^^^^
  File "/home/airflow/.local/lib/python3.12/site-packages/snowflake/connector/network.py", line 979, in _request_exec_wrapper
    raise e
  File "/home/airflow/.local/lib/python3.12/site-packages/snowflake/connector/network.py", line 884, in _request_exec_wrapper
    return_object = self._request_exec(
                    ^^^^^^^^^^^^^^^^^^^
  File "/home/airflow/.local/lib/python3.12/site-packages/snowflake/connector/network.py", line 1193, in _request_exec
    raise err
  File "/home/airflow/.local/lib/python3.12/site-packages/snowflake/connector/network.py", line 1135, in _request_exec
    raise_failed_request_error(
  File "/home/airflow/.local/lib/python3.12/site-packages/snowflake/connector/network.py", line 238, in raise_failed_request_error
    Error.errorhandler_wrapper(
  File "/home/airflow/.local/lib/python3.12/site-packages/snowflake/connector/errors.py", line 290, in errorhandler_wrapper
    handed_over = Error.hand_to_other_handler(
                  ^^^^^^^^^^^^^^^^^^^^^^^^^^^^
  File "/home/airflow/.local/lib/python3.12/site-packages/snowflake/connector/errors.py", line 348, in hand_to_other_handler
    connection.errorhandler(connection, cursor, error_class, error_value)
  File "/home/airflow/.local/lib/python3.12/site-packages/snowflake/connector/errors.py", line 221, in default_errorhandler
    raise error_class(
snowflake.connector.errors.InterfaceError: 250003 (08001): None: 404 Not Found: post https://lbtguvz-xo18875.snowflakecomputing.com:443/session/v1/login-request?request_id=22fb8f60-a3ee-45b1-a389-cd911719298a&databaseName=retail_anomaly_db&schemaName=analytics&warehouse=retail_wh&roleName=ACCOUNTADMIN&request_guid=dfd08953-da9a-4e69-a8ba-2a308cef998f
[2026-06-08T11:37:42.312+0000] {taskinstance.py:1206} INFO - Marking task as FAILED. dag_id=retail_anomaly_pipeline, task_id=ingest_csvs_to_snowflake, run_id=scheduled__2026-06-07T06:00:00+00:00, execution_date=20260607T060000, start_date=20260608T113739, end_date=20260608T113742
[2026-06-08T11:37:42.344+0000] {standard_task_runner.py:110} ERROR - Failed to execute job 3 for task ingest_csvs_to_snowflake (250003 (08001): None: 404 Not Found: post https://lbtguvz-xo18875.snowflakecomputing.com:443/session/v1/login-request?request_id=22fb8f60-a3ee-45b1-a389-cd911719298a&databaseName=retail_anomaly_db&schemaName=analytics&warehouse=retail_wh&roleName=ACCOUNTADMIN&request_guid=dfd08953-da9a-4e69-a8ba-2a308cef998f; 344)
[2026-06-08T11:37:42.361+0000] {local_task_job_runner.py:240} INFO - Task exited with return code 1
[2026-06-08T11:37:42.410+0000] {taskinstance.py:3498} INFO - 0 downstream tasks scheduled from follow-on schedule check
[2026-06-08T11:37:42.417+0000] {local_task_job_runner.py:222} INFO - ::endgroup::
