[2026-06-08T11:28:16.853+0000] {processor.py:161} INFO - Started process (PID=218) to work on /opt/airflow/dags/retail_pipeline.py
[2026-06-08T11:28:16.859+0000] {processor.py:830} INFO - Processing file /opt/airflow/dags/retail_pipeline.py for tasks to queue
[2026-06-08T11:28:16.872+0000] {logging_mixin.py:188} INFO - [2026-06-08T11:28:16.871+0000] {dagbag.py:545} INFO - Filling up the DagBag from /opt/airflow/dags/retail_pipeline.py
[2026-06-08T11:28:23.156+0000] {processor.py:840} INFO - DAG(s) 'retail_anomaly_pipeline' retrieved from /opt/airflow/dags/retail_pipeline.py
[2026-06-08T11:28:23.576+0000] {logging_mixin.py:188} INFO - [2026-06-08T11:28:23.575+0000] {dag.py:3096} INFO - Sync 1 DAGs
[2026-06-08T11:28:23.618+0000] {logging_mixin.py:188} INFO - [2026-06-08T11:28:23.617+0000] {dag.py:3954} INFO - Setting next_dagrun for retail_anomaly_pipeline to 2026-06-07 06:00:00+00:00, run_after=2026-06-08 06:00:00+00:00
[2026-06-08T11:28:23.664+0000] {processor.py:183} INFO - Processing /opt/airflow/dags/retail_pipeline.py took 6.870 seconds
[2026-06-08T11:28:54.230+0000] {processor.py:161} INFO - Started process (PID=225) to work on /opt/airflow/dags/retail_pipeline.py
[2026-06-08T11:28:54.235+0000] {processor.py:830} INFO - Processing file /opt/airflow/dags/retail_pipeline.py for tasks to queue
[2026-06-08T11:28:54.249+0000] {logging_mixin.py:188} INFO - [2026-06-08T11:28:54.248+0000] {dagbag.py:545} INFO - Filling up the DagBag from /opt/airflow/dags/retail_pipeline.py
[2026-06-08T11:29:00.086+0000] {processor.py:840} INFO - DAG(s) 'retail_anomaly_pipeline' retrieved from /opt/airflow/dags/retail_pipeline.py
[2026-06-08T11:29:00.194+0000] {logging_mixin.py:188} INFO - [2026-06-08T11:29:00.193+0000] {dag.py:3096} INFO - Sync 1 DAGs
[2026-06-08T11:29:00.278+0000] {logging_mixin.py:188} INFO - [2026-06-08T11:29:00.277+0000] {dag.py:3954} INFO - Setting next_dagrun for retail_anomaly_pipeline to 2026-06-07 06:00:00+00:00, run_after=2026-06-08 06:00:00+00:00
[2026-06-08T11:29:00.327+0000] {processor.py:183} INFO - Processing /opt/airflow/dags/retail_pipeline.py took 6.262 seconds
[2026-06-08T11:29:30.671+0000] {processor.py:161} INFO - Started process (PID=232) to work on /opt/airflow/dags/retail_pipeline.py
[2026-06-08T11:29:30.675+0000] {processor.py:830} INFO - Processing file /opt/airflow/dags/retail_pipeline.py for tasks to queue
[2026-06-08T11:29:30.678+0000] {logging_mixin.py:188} INFO - [2026-06-08T11:29:30.677+0000] {dagbag.py:545} INFO - Filling up the DagBag from /opt/airflow/dags/retail_pipeline.py
[2026-06-08T11:29:33.363+0000] {processor.py:840} INFO - DAG(s) 'retail_anomaly_pipeline' retrieved from /opt/airflow/dags/retail_pipeline.py
[2026-06-08T11:29:33.413+0000] {logging_mixin.py:188} INFO - [2026-06-08T11:29:33.412+0000] {dag.py:3096} INFO - Sync 1 DAGs
[2026-06-08T11:29:33.463+0000] {logging_mixin.py:188} INFO - [2026-06-08T11:29:33.463+0000] {dag.py:3954} INFO - Setting next_dagrun for retail_anomaly_pipeline to 2026-06-07 06:00:00+00:00, run_after=2026-06-08 06:00:00+00:00
[2026-06-08T11:29:33.494+0000] {processor.py:183} INFO - Processing /opt/airflow/dags/retail_pipeline.py took 2.834 seconds
[2026-06-08T11:30:03.827+0000] {processor.py:161} INFO - Started process (PID=239) to work on /opt/airflow/dags/retail_pipeline.py
[2026-06-08T11:30:03.829+0000] {processor.py:830} INFO - Processing file /opt/airflow/dags/retail_pipeline.py for tasks to queue
[2026-06-08T11:30:03.835+0000] {logging_mixin.py:188} INFO - [2026-06-08T11:30:03.833+0000] {dagbag.py:545} INFO - Filling up the DagBag from /opt/airflow/dags/retail_pipeline.py
[2026-06-08T11:30:06.497+0000] {processor.py:840} INFO - DAG(s) 'retail_anomaly_pipeline' retrieved from /opt/airflow/dags/retail_pipeline.py
[2026-06-08T11:30:06.595+0000] {logging_mixin.py:188} INFO - [2026-06-08T11:30:06.594+0000] {dag.py:3096} INFO - Sync 1 DAGs
[2026-06-08T11:30:06.623+0000] {logging_mixin.py:188} INFO - [2026-06-08T11:30:06.623+0000] {dag.py:3954} INFO - Setting next_dagrun for retail_anomaly_pipeline to 2026-06-07 06:00:00+00:00, run_after=2026-06-08 06:00:00+00:00
[2026-06-08T11:30:06.650+0000] {processor.py:183} INFO - Processing /opt/airflow/dags/retail_pipeline.py took 2.834 seconds
[2026-06-08T11:30:37.068+0000] {processor.py:161} INFO - Started process (PID=246) to work on /opt/airflow/dags/retail_pipeline.py
[2026-06-08T11:30:37.070+0000] {processor.py:830} INFO - Processing file /opt/airflow/dags/retail_pipeline.py for tasks to queue
[2026-06-08T11:30:37.074+0000] {logging_mixin.py:188} INFO - [2026-06-08T11:30:37.074+0000] {dagbag.py:545} INFO - Filling up the DagBag from /opt/airflow/dags/retail_pipeline.py
[2026-06-08T11:30:40.818+0000] {processor.py:840} INFO - DAG(s) 'retail_anomaly_pipeline' retrieved from /opt/airflow/dags/retail_pipeline.py
[2026-06-08T11:30:40.918+0000] {logging_mixin.py:188} INFO - [2026-06-08T11:30:40.917+0000] {dag.py:3096} INFO - Sync 1 DAGs
[2026-06-08T11:30:41.004+0000] {logging_mixin.py:188} INFO - [2026-06-08T11:30:41.003+0000] {dag.py:3954} INFO - Setting next_dagrun for retail_anomaly_pipeline to 2026-06-07 06:00:00+00:00, run_after=2026-06-08 06:00:00+00:00
[2026-06-08T11:30:41.061+0000] {processor.py:183} INFO - Processing /opt/airflow/dags/retail_pipeline.py took 4.003 seconds
[2026-06-08T11:31:11.395+0000] {processor.py:161} INFO - Started process (PID=253) to work on /opt/airflow/dags/retail_pipeline.py
[2026-06-08T11:31:11.397+0000] {processor.py:830} INFO - Processing file /opt/airflow/dags/retail_pipeline.py for tasks to queue
[2026-06-08T11:31:11.399+0000] {logging_mixin.py:188} INFO - [2026-06-08T11:31:11.399+0000] {dagbag.py:545} INFO - Filling up the DagBag from /opt/airflow/dags/retail_pipeline.py
[2026-06-08T11:31:13.708+0000] {processor.py:840} INFO - DAG(s) 'retail_anomaly_pipeline' retrieved from /opt/airflow/dags/retail_pipeline.py
[2026-06-08T11:31:13.796+0000] {logging_mixin.py:188} INFO - [2026-06-08T11:31:13.796+0000] {dag.py:3096} INFO - Sync 1 DAGs
[2026-06-08T11:31:13.854+0000] {logging_mixin.py:188} INFO - [2026-06-08T11:31:13.854+0000] {dag.py:3954} INFO - Setting next_dagrun for retail_anomaly_pipeline to 2026-06-07 06:00:00+00:00, run_after=2026-06-08 06:00:00+00:00
[2026-06-08T11:31:13.894+0000] {processor.py:183} INFO - Processing /opt/airflow/dags/retail_pipeline.py took 2.506 seconds
[2026-06-08T11:31:44.262+0000] {processor.py:161} INFO - Started process (PID=260) to work on /opt/airflow/dags/retail_pipeline.py
[2026-06-08T11:31:44.264+0000] {processor.py:830} INFO - Processing file /opt/airflow/dags/retail_pipeline.py for tasks to queue
[2026-06-08T11:31:44.266+0000] {logging_mixin.py:188} INFO - [2026-06-08T11:31:44.266+0000] {dagbag.py:545} INFO - Filling up the DagBag from /opt/airflow/dags/retail_pipeline.py
[2026-06-08T11:31:47.500+0000] {processor.py:840} INFO - DAG(s) 'retail_anomaly_pipeline' retrieved from /opt/airflow/dags/retail_pipeline.py
[2026-06-08T11:31:47.634+0000] {logging_mixin.py:188} INFO - [2026-06-08T11:31:47.633+0000] {dag.py:3096} INFO - Sync 1 DAGs
[2026-06-08T11:31:47.718+0000] {logging_mixin.py:188} INFO - [2026-06-08T11:31:47.718+0000] {dag.py:3954} INFO - Setting next_dagrun for retail_anomaly_pipeline to 2026-06-07 06:00:00+00:00, run_after=2026-06-08 06:00:00+00:00
[2026-06-08T11:31:47.777+0000] {processor.py:183} INFO - Processing /opt/airflow/dags/retail_pipeline.py took 3.521 seconds
[2026-06-08T11:32:18.024+0000] {processor.py:161} INFO - Started process (PID=267) to work on /opt/airflow/dags/retail_pipeline.py
[2026-06-08T11:32:18.026+0000] {processor.py:830} INFO - Processing file /opt/airflow/dags/retail_pipeline.py for tasks to queue
[2026-06-08T11:32:18.029+0000] {logging_mixin.py:188} INFO - [2026-06-08T11:32:18.028+0000] {dagbag.py:545} INFO - Filling up the DagBag from /opt/airflow/dags/retail_pipeline.py
[2026-06-08T11:32:20.372+0000] {processor.py:840} INFO - DAG(s) 'retail_anomaly_pipeline' retrieved from /opt/airflow/dags/retail_pipeline.py
[2026-06-08T11:32:20.513+0000] {logging_mixin.py:188} INFO - [2026-06-08T11:32:20.512+0000] {dag.py:3096} INFO - Sync 1 DAGs
[2026-06-08T11:32:20.584+0000] {logging_mixin.py:188} INFO - [2026-06-08T11:32:20.582+0000] {dag.py:3954} INFO - Setting next_dagrun for retail_anomaly_pipeline to 2026-06-07 06:00:00+00:00, run_after=2026-06-08 06:00:00+00:00
[2026-06-08T11:32:20.645+0000] {processor.py:183} INFO - Processing /opt/airflow/dags/retail_pipeline.py took 2.630 seconds
[2026-06-08T11:32:51.046+0000] {processor.py:161} INFO - Started process (PID=278) to work on /opt/airflow/dags/retail_pipeline.py
[2026-06-08T11:32:51.048+0000] {processor.py:830} INFO - Processing file /opt/airflow/dags/retail_pipeline.py for tasks to queue
[2026-06-08T11:32:51.051+0000] {logging_mixin.py:188} INFO - [2026-06-08T11:32:51.050+0000] {dagbag.py:545} INFO - Filling up the DagBag from /opt/airflow/dags/retail_pipeline.py
[2026-06-08T11:32:53.263+0000] {processor.py:840} INFO - DAG(s) 'retail_anomaly_pipeline' retrieved from /opt/airflow/dags/retail_pipeline.py
[2026-06-08T11:32:53.303+0000] {logging_mixin.py:188} INFO - [2026-06-08T11:32:53.299+0000] {dag.py:3096} INFO - Sync 1 DAGs
[2026-06-08T11:32:53.346+0000] {logging_mixin.py:188} INFO - [2026-06-08T11:32:53.345+0000] {dag.py:3954} INFO - Setting next_dagrun for retail_anomaly_pipeline to 2026-06-08 06:00:00+00:00, run_after=2026-06-09 06:00:00+00:00
[2026-06-08T11:32:53.375+0000] {processor.py:183} INFO - Processing /opt/airflow/dags/retail_pipeline.py took 2.341 seconds
[2026-06-08T11:33:23.718+0000] {processor.py:161} INFO - Started process (PID=285) to work on /opt/airflow/dags/retail_pipeline.py
[2026-06-08T11:33:23.719+0000] {processor.py:830} INFO - Processing file /opt/airflow/dags/retail_pipeline.py for tasks to queue
[2026-06-08T11:33:23.722+0000] {logging_mixin.py:188} INFO - [2026-06-08T11:33:23.721+0000] {dagbag.py:545} INFO - Filling up the DagBag from /opt/airflow/dags/retail_pipeline.py
[2026-06-08T11:33:25.877+0000] {processor.py:840} INFO - DAG(s) 'retail_anomaly_pipeline' retrieved from /opt/airflow/dags/retail_pipeline.py
[2026-06-08T11:33:25.905+0000] {logging_mixin.py:188} INFO - [2026-06-08T11:33:25.905+0000] {dag.py:3096} INFO - Sync 1 DAGs
[2026-06-08T11:33:25.929+0000] {logging_mixin.py:188} INFO - [2026-06-08T11:33:25.929+0000] {dag.py:3954} INFO - Setting next_dagrun for retail_anomaly_pipeline to 2026-06-08 06:00:00+00:00, run_after=2026-06-09 06:00:00+00:00
[2026-06-08T11:33:25.950+0000] {processor.py:183} INFO - Processing /opt/airflow/dags/retail_pipeline.py took 2.239 seconds
[2026-06-08T11:33:56.049+0000] {processor.py:161} INFO - Started process (PID=292) to work on /opt/airflow/dags/retail_pipeline.py
[2026-06-08T11:33:56.051+0000] {processor.py:830} INFO - Processing file /opt/airflow/dags/retail_pipeline.py for tasks to queue
[2026-06-08T11:33:56.053+0000] {logging_mixin.py:188} INFO - [2026-06-08T11:33:56.053+0000] {dagbag.py:545} INFO - Filling up the DagBag from /opt/airflow/dags/retail_pipeline.py
[2026-06-08T11:33:58.238+0000] {processor.py:840} INFO - DAG(s) 'retail_anomaly_pipeline' retrieved from /opt/airflow/dags/retail_pipeline.py
[2026-06-08T11:33:58.267+0000] {logging_mixin.py:188} INFO - [2026-06-08T11:33:58.267+0000] {dag.py:3096} INFO - Sync 1 DAGs
[2026-06-08T11:33:58.295+0000] {logging_mixin.py:188} INFO - [2026-06-08T11:33:58.295+0000] {dag.py:3954} INFO - Setting next_dagrun for retail_anomaly_pipeline to 2026-06-08 06:00:00+00:00, run_after=2026-06-09 06:00:00+00:00
[2026-06-08T11:33:58.321+0000] {processor.py:183} INFO - Processing /opt/airflow/dags/retail_pipeline.py took 2.279 seconds
[2026-06-08T11:34:28.634+0000] {processor.py:161} INFO - Started process (PID=299) to work on /opt/airflow/dags/retail_pipeline.py
[2026-06-08T11:34:28.635+0000] {processor.py:830} INFO - Processing file /opt/airflow/dags/retail_pipeline.py for tasks to queue
[2026-06-08T11:34:28.638+0000] {logging_mixin.py:188} INFO - [2026-06-08T11:34:28.637+0000] {dagbag.py:545} INFO - Filling up the DagBag from /opt/airflow/dags/retail_pipeline.py
[2026-06-08T11:34:31.331+0000] {processor.py:840} INFO - DAG(s) 'retail_anomaly_pipeline' retrieved from /opt/airflow/dags/retail_pipeline.py
[2026-06-08T11:34:31.397+0000] {logging_mixin.py:188} INFO - [2026-06-08T11:34:31.396+0000] {dag.py:3096} INFO - Sync 1 DAGs
[2026-06-08T11:34:31.439+0000] {logging_mixin.py:188} INFO - [2026-06-08T11:34:31.439+0000] {dag.py:3954} INFO - Setting next_dagrun for retail_anomaly_pipeline to 2026-06-08 06:00:00+00:00, run_after=2026-06-09 06:00:00+00:00
[2026-06-08T11:34:31.471+0000] {processor.py:183} INFO - Processing /opt/airflow/dags/retail_pipeline.py took 2.845 seconds
[2026-06-08T11:35:01.806+0000] {processor.py:161} INFO - Started process (PID=306) to work on /opt/airflow/dags/retail_pipeline.py
[2026-06-08T11:35:01.808+0000] {processor.py:830} INFO - Processing file /opt/airflow/dags/retail_pipeline.py for tasks to queue
[2026-06-08T11:35:01.810+0000] {logging_mixin.py:188} INFO - [2026-06-08T11:35:01.810+0000] {dagbag.py:545} INFO - Filling up the DagBag from /opt/airflow/dags/retail_pipeline.py
[2026-06-08T11:35:04.134+0000] {processor.py:840} INFO - DAG(s) 'retail_anomaly_pipeline' retrieved from /opt/airflow/dags/retail_pipeline.py
[2026-06-08T11:35:04.164+0000] {logging_mixin.py:188} INFO - [2026-06-08T11:35:04.163+0000] {dag.py:3096} INFO - Sync 1 DAGs
[2026-06-08T11:35:04.189+0000] {logging_mixin.py:188} INFO - [2026-06-08T11:35:04.189+0000] {dag.py:3954} INFO - Setting next_dagrun for retail_anomaly_pipeline to 2026-06-08 06:00:00+00:00, run_after=2026-06-09 06:00:00+00:00
[2026-06-08T11:35:04.211+0000] {processor.py:183} INFO - Processing /opt/airflow/dags/retail_pipeline.py took 2.412 seconds
[2026-06-08T11:35:35.315+0000] {processor.py:161} INFO - Started process (PID=313) to work on /opt/airflow/dags/retail_pipeline.py
[2026-06-08T11:35:35.346+0000] {processor.py:830} INFO - Processing file /opt/airflow/dags/retail_pipeline.py for tasks to queue
[2026-06-08T11:35:35.415+0000] {logging_mixin.py:188} INFO - [2026-06-08T11:35:35.409+0000] {dagbag.py:545} INFO - Filling up the DagBag from /opt/airflow/dags/retail_pipeline.py
[2026-06-08T11:35:44.873+0000] {processor.py:840} INFO - DAG(s) 'retail_anomaly_pipeline' retrieved from /opt/airflow/dags/retail_pipeline.py
[2026-06-08T11:35:44.986+0000] {logging_mixin.py:188} INFO - [2026-06-08T11:35:44.982+0000] {dag.py:3096} INFO - Sync 1 DAGs
[2026-06-08T11:35:45.089+0000] {logging_mixin.py:188} INFO - [2026-06-08T11:35:45.088+0000] {dag.py:3954} INFO - Setting next_dagrun for retail_anomaly_pipeline to 2026-06-08 06:00:00+00:00, run_after=2026-06-09 06:00:00+00:00
[2026-06-08T11:35:45.136+0000] {processor.py:183} INFO - Processing /opt/airflow/dags/retail_pipeline.py took 10.156 seconds
[2026-06-08T11:36:15.771+0000] {processor.py:161} INFO - Started process (PID=320) to work on /opt/airflow/dags/retail_pipeline.py
[2026-06-08T11:36:15.781+0000] {processor.py:830} INFO - Processing file /opt/airflow/dags/retail_pipeline.py for tasks to queue
[2026-06-08T11:36:15.807+0000] {logging_mixin.py:188} INFO - [2026-06-08T11:36:15.803+0000] {dagbag.py:545} INFO - Filling up the DagBag from /opt/airflow/dags/retail_pipeline.py
[2026-06-08T11:36:24.883+0000] {processor.py:840} INFO - DAG(s) 'retail_anomaly_pipeline' retrieved from /opt/airflow/dags/retail_pipeline.py
[2026-06-08T11:36:25.069+0000] {logging_mixin.py:188} INFO - [2026-06-08T11:36:25.067+0000] {dag.py:3096} INFO - Sync 1 DAGs
[2026-06-08T11:36:25.150+0000] {logging_mixin.py:188} INFO - [2026-06-08T11:36:25.149+0000] {dag.py:3954} INFO - Setting next_dagrun for retail_anomaly_pipeline to 2026-06-08 06:00:00+00:00, run_after=2026-06-09 06:00:00+00:00
[2026-06-08T11:36:25.181+0000] {processor.py:183} INFO - Processing /opt/airflow/dags/retail_pipeline.py took 9.577 seconds
[2026-06-08T11:36:55.620+0000] {processor.py:161} INFO - Started process (PID=327) to work on /opt/airflow/dags/retail_pipeline.py
[2026-06-08T11:36:55.623+0000] {processor.py:830} INFO - Processing file /opt/airflow/dags/retail_pipeline.py for tasks to queue
[2026-06-08T11:36:55.637+0000] {logging_mixin.py:188} INFO - [2026-06-08T11:36:55.634+0000] {dagbag.py:545} INFO - Filling up the DagBag from /opt/airflow/dags/retail_pipeline.py
[2026-06-08T11:37:00.404+0000] {processor.py:840} INFO - DAG(s) 'retail_anomaly_pipeline' retrieved from /opt/airflow/dags/retail_pipeline.py
[2026-06-08T11:37:00.444+0000] {logging_mixin.py:188} INFO - [2026-06-08T11:37:00.444+0000] {dag.py:3096} INFO - Sync 1 DAGs
[2026-06-08T11:37:00.474+0000] {logging_mixin.py:188} INFO - [2026-06-08T11:37:00.473+0000] {dag.py:3954} INFO - Setting next_dagrun for retail_anomaly_pipeline to 2026-06-08 06:00:00+00:00, run_after=2026-06-09 06:00:00+00:00
[2026-06-08T11:37:00.512+0000] {processor.py:183} INFO - Processing /opt/airflow/dags/retail_pipeline.py took 4.917 seconds
[2026-06-08T11:37:31.088+0000] {processor.py:161} INFO - Started process (PID=334) to work on /opt/airflow/dags/retail_pipeline.py
[2026-06-08T11:37:31.092+0000] {processor.py:830} INFO - Processing file /opt/airflow/dags/retail_pipeline.py for tasks to queue
[2026-06-08T11:37:31.108+0000] {logging_mixin.py:188} INFO - [2026-06-08T11:37:31.105+0000] {dagbag.py:545} INFO - Filling up the DagBag from /opt/airflow/dags/retail_pipeline.py
[2026-06-08T11:37:38.299+0000] {processor.py:840} INFO - DAG(s) 'retail_anomaly_pipeline' retrieved from /opt/airflow/dags/retail_pipeline.py
[2026-06-08T11:37:38.427+0000] {logging_mixin.py:188} INFO - [2026-06-08T11:37:38.425+0000] {dag.py:3096} INFO - Sync 1 DAGs
[2026-06-08T11:37:38.536+0000] {logging_mixin.py:188} INFO - [2026-06-08T11:37:38.535+0000] {dag.py:3954} INFO - Setting next_dagrun for retail_anomaly_pipeline to 2026-06-08 06:00:00+00:00, run_after=2026-06-09 06:00:00+00:00
[2026-06-08T11:37:38.608+0000] {processor.py:183} INFO - Processing /opt/airflow/dags/retail_pipeline.py took 7.574 seconds
[2026-06-08T11:38:08.797+0000] {processor.py:161} INFO - Started process (PID=345) to work on /opt/airflow/dags/retail_pipeline.py
[2026-06-08T11:38:08.799+0000] {processor.py:830} INFO - Processing file /opt/airflow/dags/retail_pipeline.py for tasks to queue
[2026-06-08T11:38:08.803+0000] {logging_mixin.py:188} INFO - [2026-06-08T11:38:08.802+0000] {dagbag.py:545} INFO - Filling up the DagBag from /opt/airflow/dags/retail_pipeline.py
[2026-06-08T11:38:11.248+0000] {processor.py:840} INFO - DAG(s) 'retail_anomaly_pipeline' retrieved from /opt/airflow/dags/retail_pipeline.py
[2026-06-08T11:38:11.278+0000] {logging_mixin.py:188} INFO - [2026-06-08T11:38:11.278+0000] {dag.py:3096} INFO - Sync 1 DAGs
[2026-06-08T11:38:11.304+0000] {logging_mixin.py:188} INFO - [2026-06-08T11:38:11.303+0000] {dag.py:3954} INFO - Setting next_dagrun for retail_anomaly_pipeline to 2026-06-08 06:00:00+00:00, run_after=2026-06-09 06:00:00+00:00
[2026-06-08T11:38:11.339+0000] {processor.py:183} INFO - Processing /opt/airflow/dags/retail_pipeline.py took 2.552 seconds
[2026-06-08T11:38:42.172+0000] {processor.py:161} INFO - Started process (PID=352) to work on /opt/airflow/dags/retail_pipeline.py
[2026-06-08T11:38:42.178+0000] {processor.py:830} INFO - Processing file /opt/airflow/dags/retail_pipeline.py for tasks to queue
[2026-06-08T11:38:42.206+0000] {logging_mixin.py:188} INFO - [2026-06-08T11:38:42.203+0000] {dagbag.py:545} INFO - Filling up the DagBag from /opt/airflow/dags/retail_pipeline.py
[2026-06-08T11:38:52.100+0000] {processor.py:840} INFO - DAG(s) 'retail_anomaly_pipeline' retrieved from /opt/airflow/dags/retail_pipeline.py
[2026-06-08T11:38:52.346+0000] {logging_mixin.py:188} INFO - [2026-06-08T11:38:52.344+0000] {dag.py:3096} INFO - Sync 1 DAGs
[2026-06-08T11:38:52.441+0000] {logging_mixin.py:188} INFO - [2026-06-08T11:38:52.441+0000] {dag.py:3954} INFO - Setting next_dagrun for retail_anomaly_pipeline to 2026-06-08 06:00:00+00:00, run_after=2026-06-09 06:00:00+00:00
[2026-06-08T11:38:52.516+0000] {processor.py:183} INFO - Processing /opt/airflow/dags/retail_pipeline.py took 10.420 seconds
[2026-06-08T11:39:22.686+0000] {processor.py:161} INFO - Started process (PID=359) to work on /opt/airflow/dags/retail_pipeline.py
[2026-06-08T11:39:22.689+0000] {processor.py:830} INFO - Processing file /opt/airflow/dags/retail_pipeline.py for tasks to queue
[2026-06-08T11:39:22.693+0000] {logging_mixin.py:188} INFO - [2026-06-08T11:39:22.692+0000] {dagbag.py:545} INFO - Filling up the DagBag from /opt/airflow/dags/retail_pipeline.py
[2026-06-08T11:39:26.824+0000] {processor.py:840} INFO - DAG(s) 'retail_anomaly_pipeline' retrieved from /opt/airflow/dags/retail_pipeline.py
[2026-06-08T11:39:26.866+0000] {logging_mixin.py:188} INFO - [2026-06-08T11:39:26.865+0000] {dag.py:3096} INFO - Sync 1 DAGs
[2026-06-08T11:39:26.903+0000] {logging_mixin.py:188} INFO - [2026-06-08T11:39:26.902+0000] {dag.py:3954} INFO - Setting next_dagrun for retail_anomaly_pipeline to 2026-06-08 06:00:00+00:00, run_after=2026-06-09 06:00:00+00:00
[2026-06-08T11:39:26.946+0000] {processor.py:183} INFO - Processing /opt/airflow/dags/retail_pipeline.py took 4.285 seconds
[2026-06-08T11:39:57.178+0000] {processor.py:161} INFO - Started process (PID=366) to work on /opt/airflow/dags/retail_pipeline.py
[2026-06-08T11:39:57.180+0000] {processor.py:830} INFO - Processing file /opt/airflow/dags/retail_pipeline.py for tasks to queue
[2026-06-08T11:39:57.190+0000] {logging_mixin.py:188} INFO - [2026-06-08T11:39:57.189+0000] {dagbag.py:545} INFO - Filling up the DagBag from /opt/airflow/dags/retail_pipeline.py
[2026-06-08T11:39:59.976+0000] {processor.py:840} INFO - DAG(s) 'retail_anomaly_pipeline' retrieved from /opt/airflow/dags/retail_pipeline.py
[2026-06-08T11:40:00.006+0000] {logging_mixin.py:188} INFO - [2026-06-08T11:40:00.005+0000] {dag.py:3096} INFO - Sync 1 DAGs
[2026-06-08T11:40:00.039+0000] {logging_mixin.py:188} INFO - [2026-06-08T11:40:00.039+0000] {dag.py:3954} INFO - Setting next_dagrun for retail_anomaly_pipeline to 2026-06-08 06:00:00+00:00, run_after=2026-06-09 06:00:00+00:00
[2026-06-08T11:40:00.066+0000] {processor.py:183} INFO - Processing /opt/airflow/dags/retail_pipeline.py took 2.895 seconds
[2026-06-08T11:40:30.450+0000] {processor.py:161} INFO - Started process (PID=373) to work on /opt/airflow/dags/retail_pipeline.py
[2026-06-08T11:40:30.452+0000] {processor.py:830} INFO - Processing file /opt/airflow/dags/retail_pipeline.py for tasks to queue
[2026-06-08T11:40:30.456+0000] {logging_mixin.py:188} INFO - [2026-06-08T11:40:30.456+0000] {dagbag.py:545} INFO - Filling up the DagBag from /opt/airflow/dags/retail_pipeline.py
[2026-06-08T11:40:33.251+0000] {processor.py:840} INFO - DAG(s) 'retail_anomaly_pipeline' retrieved from /opt/airflow/dags/retail_pipeline.py
[2026-06-08T11:40:33.283+0000] {logging_mixin.py:188} INFO - [2026-06-08T11:40:33.283+0000] {dag.py:3096} INFO - Sync 1 DAGs
[2026-06-08T11:40:33.312+0000] {logging_mixin.py:188} INFO - [2026-06-08T11:40:33.312+0000] {dag.py:3954} INFO - Setting next_dagrun for retail_anomaly_pipeline to 2026-06-08 06:00:00+00:00, run_after=2026-06-09 06:00:00+00:00
[2026-06-08T11:40:33.338+0000] {processor.py:183} INFO - Processing /opt/airflow/dags/retail_pipeline.py took 2.895 seconds
[2026-06-08T11:41:03.693+0000] {processor.py:161} INFO - Started process (PID=380) to work on /opt/airflow/dags/retail_pipeline.py
[2026-06-08T11:41:03.695+0000] {processor.py:830} INFO - Processing file /opt/airflow/dags/retail_pipeline.py for tasks to queue
[2026-06-08T11:41:03.699+0000] {logging_mixin.py:188} INFO - [2026-06-08T11:41:03.698+0000] {dagbag.py:545} INFO - Filling up the DagBag from /opt/airflow/dags/retail_pipeline.py
[2026-06-08T11:41:06.690+0000] {processor.py:840} INFO - DAG(s) 'retail_anomaly_pipeline' retrieved from /opt/airflow/dags/retail_pipeline.py
[2026-06-08T11:41:06.764+0000] {logging_mixin.py:188} INFO - [2026-06-08T11:41:06.763+0000] {dag.py:3096} INFO - Sync 1 DAGs
[2026-06-08T11:41:06.887+0000] {logging_mixin.py:188} INFO - [2026-06-08T11:41:06.887+0000] {dag.py:3954} INFO - Setting next_dagrun for retail_anomaly_pipeline to 2026-06-08 06:00:00+00:00, run_after=2026-06-09 06:00:00+00:00
[2026-06-08T11:41:06.966+0000] {processor.py:183} INFO - Processing /opt/airflow/dags/retail_pipeline.py took 3.286 seconds
[2026-06-08T11:41:37.351+0000] {processor.py:161} INFO - Started process (PID=387) to work on /opt/airflow/dags/retail_pipeline.py
[2026-06-08T11:41:37.353+0000] {processor.py:830} INFO - Processing file /opt/airflow/dags/retail_pipeline.py for tasks to queue
[2026-06-08T11:41:37.356+0000] {logging_mixin.py:188} INFO - [2026-06-08T11:41:37.356+0000] {dagbag.py:545} INFO - Filling up the DagBag from /opt/airflow/dags/retail_pipeline.py
[2026-06-08T11:41:39.973+0000] {processor.py:840} INFO - DAG(s) 'retail_anomaly_pipeline' retrieved from /opt/airflow/dags/retail_pipeline.py
[2026-06-08T11:41:40.009+0000] {logging_mixin.py:188} INFO - [2026-06-08T11:41:40.009+0000] {dag.py:3096} INFO - Sync 1 DAGs
[2026-06-08T11:41:40.035+0000] {logging_mixin.py:188} INFO - [2026-06-08T11:41:40.035+0000] {dag.py:3954} INFO - Setting next_dagrun for retail_anomaly_pipeline to 2026-06-08 06:00:00+00:00, run_after=2026-06-09 06:00:00+00:00
[2026-06-08T11:41:40.058+0000] {processor.py:183} INFO - Processing /opt/airflow/dags/retail_pipeline.py took 2.716 seconds
[2026-06-08T11:42:10.399+0000] {processor.py:161} INFO - Started process (PID=394) to work on /opt/airflow/dags/retail_pipeline.py
[2026-06-08T11:42:10.402+0000] {processor.py:830} INFO - Processing file /opt/airflow/dags/retail_pipeline.py for tasks to queue
[2026-06-08T11:42:10.407+0000] {logging_mixin.py:188} INFO - [2026-06-08T11:42:10.406+0000] {dagbag.py:545} INFO - Filling up the DagBag from /opt/airflow/dags/retail_pipeline.py
[2026-06-08T11:42:13.412+0000] {processor.py:840} INFO - DAG(s) 'retail_anomaly_pipeline' retrieved from /opt/airflow/dags/retail_pipeline.py
[2026-06-08T11:42:13.484+0000] {logging_mixin.py:188} INFO - [2026-06-08T11:42:13.483+0000] {dag.py:3096} INFO - Sync 1 DAGs
[2026-06-08T11:42:13.533+0000] {logging_mixin.py:188} INFO - [2026-06-08T11:42:13.533+0000] {dag.py:3954} INFO - Setting next_dagrun for retail_anomaly_pipeline to 2026-06-08 06:00:00+00:00, run_after=2026-06-09 06:00:00+00:00
[2026-06-08T11:42:13.567+0000] {processor.py:183} INFO - Processing /opt/airflow/dags/retail_pipeline.py took 3.183 seconds
[2026-06-08T11:42:43.667+0000] {processor.py:161} INFO - Started process (PID=401) to work on /opt/airflow/dags/retail_pipeline.py
[2026-06-08T11:42:43.669+0000] {processor.py:830} INFO - Processing file /opt/airflow/dags/retail_pipeline.py for tasks to queue
[2026-06-08T11:42:43.673+0000] {logging_mixin.py:188} INFO - [2026-06-08T11:42:43.673+0000] {dagbag.py:545} INFO - Filling up the DagBag from /opt/airflow/dags/retail_pipeline.py
[2026-06-08T11:42:46.613+0000] {processor.py:840} INFO - DAG(s) 'retail_anomaly_pipeline' retrieved from /opt/airflow/dags/retail_pipeline.py
[2026-06-08T11:42:46.645+0000] {logging_mixin.py:188} INFO - [2026-06-08T11:42:46.645+0000] {dag.py:3096} INFO - Sync 1 DAGs
[2026-06-08T11:42:46.672+0000] {logging_mixin.py:188} INFO - [2026-06-08T11:42:46.671+0000] {dag.py:3954} INFO - Setting next_dagrun for retail_anomaly_pipeline to 2026-06-08 06:00:00+00:00, run_after=2026-06-09 06:00:00+00:00
[2026-06-08T11:42:46.700+0000] {processor.py:183} INFO - Processing /opt/airflow/dags/retail_pipeline.py took 3.041 seconds
[2026-06-08T11:43:16.990+0000] {processor.py:161} INFO - Started process (PID=408) to work on /opt/airflow/dags/retail_pipeline.py
[2026-06-08T11:43:16.991+0000] {processor.py:830} INFO - Processing file /opt/airflow/dags/retail_pipeline.py for tasks to queue
[2026-06-08T11:43:16.995+0000] {logging_mixin.py:188} INFO - [2026-06-08T11:43:16.994+0000] {dagbag.py:545} INFO - Filling up the DagBag from /opt/airflow/dags/retail_pipeline.py
[2026-06-08T11:43:19.580+0000] {processor.py:840} INFO - DAG(s) 'retail_anomaly_pipeline' retrieved from /opt/airflow/dags/retail_pipeline.py
[2026-06-08T11:43:19.647+0000] {logging_mixin.py:188} INFO - [2026-06-08T11:43:19.646+0000] {dag.py:3096} INFO - Sync 1 DAGs
[2026-06-08T11:43:19.747+0000] {logging_mixin.py:188} INFO - [2026-06-08T11:43:19.746+0000] {dag.py:3954} INFO - Setting next_dagrun for retail_anomaly_pipeline to 2026-06-08 06:00:00+00:00, run_after=2026-06-09 06:00:00+00:00
[2026-06-08T11:43:19.798+0000] {processor.py:183} INFO - Processing /opt/airflow/dags/retail_pipeline.py took 2.820 seconds
[2026-06-08T11:51:32.273+0000] {processor.py:161} INFO - Started process (PID=219) to work on /opt/airflow/dags/retail_pipeline.py
[2026-06-08T11:51:32.295+0000] {processor.py:830} INFO - Processing file /opt/airflow/dags/retail_pipeline.py for tasks to queue
[2026-06-08T11:51:32.335+0000] {logging_mixin.py:188} INFO - [2026-06-08T11:51:32.333+0000] {dagbag.py:545} INFO - Filling up the DagBag from /opt/airflow/dags/retail_pipeline.py
[2026-06-08T11:51:38.338+0000] {processor.py:840} INFO - DAG(s) 'retail_anomaly_pipeline' retrieved from /opt/airflow/dags/retail_pipeline.py
[2026-06-08T11:51:38.842+0000] {logging_mixin.py:188} INFO - [2026-06-08T11:51:38.841+0000] {dag.py:3096} INFO - Sync 1 DAGs
[2026-06-08T11:51:38.879+0000] {logging_mixin.py:188} INFO - [2026-06-08T11:51:38.879+0000] {dag.py:3954} INFO - Setting next_dagrun for retail_anomaly_pipeline to 2026-06-07 06:00:00+00:00, run_after=2026-06-08 06:00:00+00:00
[2026-06-08T11:51:38.921+0000] {processor.py:183} INFO - Processing /opt/airflow/dags/retail_pipeline.py took 6.707 seconds
[2026-06-08T11:52:09.221+0000] {processor.py:161} INFO - Started process (PID=226) to work on /opt/airflow/dags/retail_pipeline.py
[2026-06-08T11:52:09.223+0000] {processor.py:830} INFO - Processing file /opt/airflow/dags/retail_pipeline.py for tasks to queue
[2026-06-08T11:52:09.228+0000] {logging_mixin.py:188} INFO - [2026-06-08T11:52:09.227+0000] {dagbag.py:545} INFO - Filling up the DagBag from /opt/airflow/dags/retail_pipeline.py
[2026-06-08T11:52:12.458+0000] {processor.py:840} INFO - DAG(s) 'retail_anomaly_pipeline' retrieved from /opt/airflow/dags/retail_pipeline.py
[2026-06-08T11:52:12.499+0000] {logging_mixin.py:188} INFO - [2026-06-08T11:52:12.498+0000] {dag.py:3096} INFO - Sync 1 DAGs
[2026-06-08T11:52:12.532+0000] {logging_mixin.py:188} INFO - [2026-06-08T11:52:12.531+0000] {dag.py:3954} INFO - Setting next_dagrun for retail_anomaly_pipeline to 2026-06-07 06:00:00+00:00, run_after=2026-06-08 06:00:00+00:00
[2026-06-08T11:52:12.567+0000] {processor.py:183} INFO - Processing /opt/airflow/dags/retail_pipeline.py took 3.353 seconds
[2026-06-08T11:52:43.177+0000] {processor.py:161} INFO - Started process (PID=233) to work on /opt/airflow/dags/retail_pipeline.py
[2026-06-08T11:52:43.183+0000] {processor.py:830} INFO - Processing file /opt/airflow/dags/retail_pipeline.py for tasks to queue
[2026-06-08T11:52:43.203+0000] {logging_mixin.py:188} INFO - [2026-06-08T11:52:43.199+0000] {dagbag.py:545} INFO - Filling up the DagBag from /opt/airflow/dags/retail_pipeline.py
[2026-06-08T11:52:50.285+0000] {processor.py:840} INFO - DAG(s) 'retail_anomaly_pipeline' retrieved from /opt/airflow/dags/retail_pipeline.py
[2026-06-08T11:52:50.419+0000] {logging_mixin.py:188} INFO - [2026-06-08T11:52:50.419+0000] {dag.py:3096} INFO - Sync 1 DAGs
[2026-06-08T11:52:50.490+0000] {logging_mixin.py:188} INFO - [2026-06-08T11:52:50.490+0000] {dag.py:3954} INFO - Setting next_dagrun for retail_anomaly_pipeline to 2026-06-07 06:00:00+00:00, run_after=2026-06-08 06:00:00+00:00
[2026-06-08T11:52:50.542+0000] {processor.py:183} INFO - Processing /opt/airflow/dags/retail_pipeline.py took 7.417 seconds
[2026-06-08T11:53:20.966+0000] {processor.py:161} INFO - Started process (PID=244) to work on /opt/airflow/dags/retail_pipeline.py
[2026-06-08T11:53:20.973+0000] {processor.py:830} INFO - Processing file /opt/airflow/dags/retail_pipeline.py for tasks to queue
[2026-06-08T11:53:20.993+0000] {logging_mixin.py:188} INFO - [2026-06-08T11:53:20.990+0000] {dagbag.py:545} INFO - Filling up the DagBag from /opt/airflow/dags/retail_pipeline.py
[2026-06-08T11:53:25.881+0000] {processor.py:840} INFO - DAG(s) 'retail_anomaly_pipeline' retrieved from /opt/airflow/dags/retail_pipeline.py
[2026-06-08T11:53:25.980+0000] {logging_mixin.py:188} INFO - [2026-06-08T11:53:25.979+0000] {dag.py:3096} INFO - Sync 1 DAGs
[2026-06-08T11:53:26.064+0000] {logging_mixin.py:188} INFO - [2026-06-08T11:53:26.063+0000] {dag.py:3954} INFO - Setting next_dagrun for retail_anomaly_pipeline to 2026-06-08 06:00:00+00:00, run_after=2026-06-09 06:00:00+00:00
[2026-06-08T11:53:26.095+0000] {processor.py:183} INFO - Processing /opt/airflow/dags/retail_pipeline.py took 5.193 seconds
[2026-06-08T11:53:56.258+0000] {processor.py:161} INFO - Started process (PID=251) to work on /opt/airflow/dags/retail_pipeline.py
[2026-06-08T11:53:56.264+0000] {processor.py:830} INFO - Processing file /opt/airflow/dags/retail_pipeline.py for tasks to queue
[2026-06-08T11:53:56.277+0000] {logging_mixin.py:188} INFO - [2026-06-08T11:53:56.274+0000] {dagbag.py:545} INFO - Filling up the DagBag from /opt/airflow/dags/retail_pipeline.py
[2026-06-08T11:54:01.842+0000] {processor.py:840} INFO - DAG(s) 'retail_anomaly_pipeline' retrieved from /opt/airflow/dags/retail_pipeline.py
[2026-06-08T11:54:01.932+0000] {logging_mixin.py:188} INFO - [2026-06-08T11:54:01.931+0000] {dag.py:3096} INFO - Sync 1 DAGs
[2026-06-08T11:54:01.991+0000] {logging_mixin.py:188} INFO - [2026-06-08T11:54:01.990+0000] {dag.py:3954} INFO - Setting next_dagrun for retail_anomaly_pipeline to 2026-06-08 06:00:00+00:00, run_after=2026-06-09 06:00:00+00:00
[2026-06-08T11:54:02.046+0000] {processor.py:183} INFO - Processing /opt/airflow/dags/retail_pipeline.py took 5.820 seconds
[2026-06-08T11:54:32.379+0000] {processor.py:161} INFO - Started process (PID=273) to work on /opt/airflow/dags/retail_pipeline.py
[2026-06-08T11:54:32.381+0000] {processor.py:830} INFO - Processing file /opt/airflow/dags/retail_pipeline.py for tasks to queue
[2026-06-08T11:54:32.384+0000] {logging_mixin.py:188} INFO - [2026-06-08T11:54:32.383+0000] {dagbag.py:545} INFO - Filling up the DagBag from /opt/airflow/dags/retail_pipeline.py
[2026-06-08T11:54:35.368+0000] {processor.py:840} INFO - DAG(s) 'retail_anomaly_pipeline' retrieved from /opt/airflow/dags/retail_pipeline.py
[2026-06-08T11:54:35.404+0000] {logging_mixin.py:188} INFO - [2026-06-08T11:54:35.403+0000] {dag.py:3096} INFO - Sync 1 DAGs
[2026-06-08T11:54:35.432+0000] {logging_mixin.py:188} INFO - [2026-06-08T11:54:35.431+0000] {dag.py:3954} INFO - Setting next_dagrun for retail_anomaly_pipeline to 2026-06-08 06:00:00+00:00, run_after=2026-06-09 06:00:00+00:00
[2026-06-08T11:54:35.457+0000] {processor.py:183} INFO - Processing /opt/airflow/dags/retail_pipeline.py took 3.087 seconds
[2026-06-08T11:55:05.702+0000] {processor.py:161} INFO - Started process (PID=280) to work on /opt/airflow/dags/retail_pipeline.py
[2026-06-08T11:55:05.704+0000] {processor.py:830} INFO - Processing file /opt/airflow/dags/retail_pipeline.py for tasks to queue
[2026-06-08T11:55:05.708+0000] {logging_mixin.py:188} INFO - [2026-06-08T11:55:05.707+0000] {dagbag.py:545} INFO - Filling up the DagBag from /opt/airflow/dags/retail_pipeline.py
[2026-06-08T11:55:08.197+0000] {processor.py:840} INFO - DAG(s) 'retail_anomaly_pipeline' retrieved from /opt/airflow/dags/retail_pipeline.py
[2026-06-08T11:55:08.228+0000] {logging_mixin.py:188} INFO - [2026-06-08T11:55:08.228+0000] {dag.py:3096} INFO - Sync 1 DAGs
[2026-06-08T11:55:08.256+0000] {logging_mixin.py:188} INFO - [2026-06-08T11:55:08.256+0000] {dag.py:3954} INFO - Setting next_dagrun for retail_anomaly_pipeline to 2026-06-08 06:00:00+00:00, run_after=2026-06-09 06:00:00+00:00
[2026-06-08T11:55:08.285+0000] {processor.py:183} INFO - Processing /opt/airflow/dags/retail_pipeline.py took 2.594 seconds
[2026-06-08T11:55:38.646+0000] {processor.py:161} INFO - Started process (PID=287) to work on /opt/airflow/dags/retail_pipeline.py
[2026-06-08T11:55:38.648+0000] {processor.py:830} INFO - Processing file /opt/airflow/dags/retail_pipeline.py for tasks to queue
[2026-06-08T11:55:38.652+0000] {logging_mixin.py:188} INFO - [2026-06-08T11:55:38.651+0000] {dagbag.py:545} INFO - Filling up the DagBag from /opt/airflow/dags/retail_pipeline.py
[2026-06-08T11:55:41.149+0000] {processor.py:840} INFO - DAG(s) 'retail_anomaly_pipeline' retrieved from /opt/airflow/dags/retail_pipeline.py
[2026-06-08T11:55:41.196+0000] {logging_mixin.py:188} INFO - [2026-06-08T11:55:41.196+0000] {dag.py:3096} INFO - Sync 1 DAGs
[2026-06-08T11:55:41.231+0000] {logging_mixin.py:188} INFO - [2026-06-08T11:55:41.231+0000] {dag.py:3954} INFO - Setting next_dagrun for retail_anomaly_pipeline to 2026-06-08 06:00:00+00:00, run_after=2026-06-09 06:00:00+00:00
[2026-06-08T11:55:41.272+0000] {processor.py:183} INFO - Processing /opt/airflow/dags/retail_pipeline.py took 2.639 seconds
[2026-06-08T11:56:11.617+0000] {processor.py:161} INFO - Started process (PID=294) to work on /opt/airflow/dags/retail_pipeline.py
[2026-06-08T11:56:11.619+0000] {processor.py:830} INFO - Processing file /opt/airflow/dags/retail_pipeline.py for tasks to queue
[2026-06-08T11:56:11.625+0000] {logging_mixin.py:188} INFO - [2026-06-08T11:56:11.624+0000] {dagbag.py:545} INFO - Filling up the DagBag from /opt/airflow/dags/retail_pipeline.py
[2026-06-08T11:56:13.846+0000] {processor.py:840} INFO - DAG(s) 'retail_anomaly_pipeline' retrieved from /opt/airflow/dags/retail_pipeline.py
[2026-06-08T11:56:13.875+0000] {logging_mixin.py:188} INFO - [2026-06-08T11:56:13.875+0000] {dag.py:3096} INFO - Sync 1 DAGs
[2026-06-08T11:56:13.899+0000] {logging_mixin.py:188} INFO - [2026-06-08T11:56:13.898+0000] {dag.py:3954} INFO - Setting next_dagrun for retail_anomaly_pipeline to 2026-06-08 06:00:00+00:00, run_after=2026-06-09 06:00:00+00:00
[2026-06-08T11:56:13.924+0000] {processor.py:183} INFO - Processing /opt/airflow/dags/retail_pipeline.py took 2.317 seconds
[2026-06-08T11:56:44.312+0000] {processor.py:161} INFO - Started process (PID=301) to work on /opt/airflow/dags/retail_pipeline.py
[2026-06-08T11:56:44.316+0000] {processor.py:830} INFO - Processing file /opt/airflow/dags/retail_pipeline.py for tasks to queue
[2026-06-08T11:56:44.323+0000] {logging_mixin.py:188} INFO - [2026-06-08T11:56:44.322+0000] {dagbag.py:545} INFO - Filling up the DagBag from /opt/airflow/dags/retail_pipeline.py
[2026-06-08T11:56:46.931+0000] {processor.py:840} INFO - DAG(s) 'retail_anomaly_pipeline' retrieved from /opt/airflow/dags/retail_pipeline.py
[2026-06-08T11:56:46.969+0000] {logging_mixin.py:188} INFO - [2026-06-08T11:56:46.968+0000] {dag.py:3096} INFO - Sync 1 DAGs
[2026-06-08T11:56:47.009+0000] {logging_mixin.py:188} INFO - [2026-06-08T11:56:47.009+0000] {dag.py:3954} INFO - Setting next_dagrun for retail_anomaly_pipeline to 2026-06-08 06:00:00+00:00, run_after=2026-06-09 06:00:00+00:00
[2026-06-08T11:56:47.050+0000] {processor.py:183} INFO - Processing /opt/airflow/dags/retail_pipeline.py took 2.794 seconds
[2026-06-08T11:57:17.298+0000] {processor.py:161} INFO - Started process (PID=308) to work on /opt/airflow/dags/retail_pipeline.py
[2026-06-08T11:57:17.300+0000] {processor.py:830} INFO - Processing file /opt/airflow/dags/retail_pipeline.py for tasks to queue
[2026-06-08T11:57:17.302+0000] {logging_mixin.py:188} INFO - [2026-06-08T11:57:17.302+0000] {dagbag.py:545} INFO - Filling up the DagBag from /opt/airflow/dags/retail_pipeline.py
[2026-06-08T11:57:19.368+0000] {processor.py:840} INFO - DAG(s) 'retail_anomaly_pipeline' retrieved from /opt/airflow/dags/retail_pipeline.py
[2026-06-08T11:57:19.397+0000] {logging_mixin.py:188} INFO - [2026-06-08T11:57:19.397+0000] {dag.py:3096} INFO - Sync 1 DAGs
[2026-06-08T11:57:19.421+0000] {logging_mixin.py:188} INFO - [2026-06-08T11:57:19.420+0000] {dag.py:3954} INFO - Setting next_dagrun for retail_anomaly_pipeline to 2026-06-08 06:00:00+00:00, run_after=2026-06-09 06:00:00+00:00
[2026-06-08T11:57:19.445+0000] {processor.py:183} INFO - Processing /opt/airflow/dags/retail_pipeline.py took 2.154 seconds
[2026-06-08T11:57:49.701+0000] {processor.py:161} INFO - Started process (PID=315) to work on /opt/airflow/dags/retail_pipeline.py
[2026-06-08T11:57:49.702+0000] {processor.py:830} INFO - Processing file /opt/airflow/dags/retail_pipeline.py for tasks to queue
[2026-06-08T11:57:49.705+0000] {logging_mixin.py:188} INFO - [2026-06-08T11:57:49.705+0000] {dagbag.py:545} INFO - Filling up the DagBag from /opt/airflow/dags/retail_pipeline.py
[2026-06-08T11:57:51.867+0000] {processor.py:840} INFO - DAG(s) 'retail_anomaly_pipeline' retrieved from /opt/airflow/dags/retail_pipeline.py
[2026-06-08T11:57:51.898+0000] {logging_mixin.py:188} INFO - [2026-06-08T11:57:51.898+0000] {dag.py:3096} INFO - Sync 1 DAGs
[2026-06-08T11:57:51.925+0000] {logging_mixin.py:188} INFO - [2026-06-08T11:57:51.925+0000] {dag.py:3954} INFO - Setting next_dagrun for retail_anomaly_pipeline to 2026-06-08 06:00:00+00:00, run_after=2026-06-09 06:00:00+00:00
[2026-06-08T11:57:51.947+0000] {processor.py:183} INFO - Processing /opt/airflow/dags/retail_pipeline.py took 2.253 seconds
[2026-06-08T11:58:22.147+0000] {processor.py:161} INFO - Started process (PID=322) to work on /opt/airflow/dags/retail_pipeline.py
[2026-06-08T11:58:22.150+0000] {processor.py:830} INFO - Processing file /opt/airflow/dags/retail_pipeline.py for tasks to queue
[2026-06-08T11:58:22.153+0000] {logging_mixin.py:188} INFO - [2026-06-08T11:58:22.153+0000] {dagbag.py:545} INFO - Filling up the DagBag from /opt/airflow/dags/retail_pipeline.py
[2026-06-08T11:58:24.250+0000] {processor.py:840} INFO - DAG(s) 'retail_anomaly_pipeline' retrieved from /opt/airflow/dags/retail_pipeline.py
[2026-06-08T11:58:24.281+0000] {logging_mixin.py:188} INFO - [2026-06-08T11:58:24.280+0000] {dag.py:3096} INFO - Sync 1 DAGs
[2026-06-08T11:58:24.305+0000] {logging_mixin.py:188} INFO - [2026-06-08T11:58:24.305+0000] {dag.py:3954} INFO - Setting next_dagrun for retail_anomaly_pipeline to 2026-06-08 06:00:00+00:00, run_after=2026-06-09 06:00:00+00:00
[2026-06-08T11:58:24.330+0000] {processor.py:183} INFO - Processing /opt/airflow/dags/retail_pipeline.py took 2.196 seconds
[2026-06-08T11:58:54.638+0000] {processor.py:161} INFO - Started process (PID=329) to work on /opt/airflow/dags/retail_pipeline.py
[2026-06-08T11:58:54.639+0000] {processor.py:830} INFO - Processing file /opt/airflow/dags/retail_pipeline.py for tasks to queue
[2026-06-08T11:58:54.644+0000] {logging_mixin.py:188} INFO - [2026-06-08T11:58:54.643+0000] {dagbag.py:545} INFO - Filling up the DagBag from /opt/airflow/dags/retail_pipeline.py
[2026-06-08T11:58:56.745+0000] {processor.py:840} INFO - DAG(s) 'retail_anomaly_pipeline' retrieved from /opt/airflow/dags/retail_pipeline.py
[2026-06-08T11:58:56.778+0000] {logging_mixin.py:188} INFO - [2026-06-08T11:58:56.778+0000] {dag.py:3096} INFO - Sync 1 DAGs
[2026-06-08T11:58:56.804+0000] {logging_mixin.py:188} INFO - [2026-06-08T11:58:56.803+0000] {dag.py:3954} INFO - Setting next_dagrun for retail_anomaly_pipeline to 2026-06-08 06:00:00+00:00, run_after=2026-06-09 06:00:00+00:00
[2026-06-08T11:58:56.828+0000] {processor.py:183} INFO - Processing /opt/airflow/dags/retail_pipeline.py took 2.200 seconds
[2026-06-08T11:59:27.025+0000] {processor.py:161} INFO - Started process (PID=336) to work on /opt/airflow/dags/retail_pipeline.py
[2026-06-08T11:59:27.026+0000] {processor.py:830} INFO - Processing file /opt/airflow/dags/retail_pipeline.py for tasks to queue
[2026-06-08T11:59:27.029+0000] {logging_mixin.py:188} INFO - [2026-06-08T11:59:27.028+0000] {dagbag.py:545} INFO - Filling up the DagBag from /opt/airflow/dags/retail_pipeline.py
[2026-06-08T11:59:29.239+0000] {processor.py:840} INFO - DAG(s) 'retail_anomaly_pipeline' retrieved from /opt/airflow/dags/retail_pipeline.py
[2026-06-08T11:59:29.272+0000] {logging_mixin.py:188} INFO - [2026-06-08T11:59:29.272+0000] {dag.py:3096} INFO - Sync 1 DAGs
[2026-06-08T11:59:29.297+0000] {logging_mixin.py:188} INFO - [2026-06-08T11:59:29.297+0000] {dag.py:3954} INFO - Setting next_dagrun for retail_anomaly_pipeline to 2026-06-08 06:00:00+00:00, run_after=2026-06-09 06:00:00+00:00
[2026-06-08T11:59:29.323+0000] {processor.py:183} INFO - Processing /opt/airflow/dags/retail_pipeline.py took 2.305 seconds
[2026-06-08T11:59:59.474+0000] {processor.py:161} INFO - Started process (PID=343) to work on /opt/airflow/dags/retail_pipeline.py
[2026-06-08T11:59:59.476+0000] {processor.py:830} INFO - Processing file /opt/airflow/dags/retail_pipeline.py for tasks to queue
[2026-06-08T11:59:59.479+0000] {logging_mixin.py:188} INFO - [2026-06-08T11:59:59.479+0000] {dagbag.py:545} INFO - Filling up the DagBag from /opt/airflow/dags/retail_pipeline.py
[2026-06-08T12:00:01.520+0000] {processor.py:840} INFO - DAG(s) 'retail_anomaly_pipeline' retrieved from /opt/airflow/dags/retail_pipeline.py
[2026-06-08T12:00:01.550+0000] {logging_mixin.py:188} INFO - [2026-06-08T12:00:01.549+0000] {dag.py:3096} INFO - Sync 1 DAGs
[2026-06-08T12:00:01.573+0000] {logging_mixin.py:188} INFO - [2026-06-08T12:00:01.573+0000] {dag.py:3954} INFO - Setting next_dagrun for retail_anomaly_pipeline to 2026-06-08 06:00:00+00:00, run_after=2026-06-09 06:00:00+00:00
[2026-06-08T12:00:01.596+0000] {processor.py:183} INFO - Processing /opt/airflow/dags/retail_pipeline.py took 2.129 seconds
[2026-06-08T12:00:31.814+0000] {processor.py:161} INFO - Started process (PID=350) to work on /opt/airflow/dags/retail_pipeline.py
[2026-06-08T12:00:31.817+0000] {processor.py:830} INFO - Processing file /opt/airflow/dags/retail_pipeline.py for tasks to queue
[2026-06-08T12:00:31.822+0000] {logging_mixin.py:188} INFO - [2026-06-08T12:00:31.821+0000] {dagbag.py:545} INFO - Filling up the DagBag from /opt/airflow/dags/retail_pipeline.py
[2026-06-08T12:00:34.471+0000] {processor.py:840} INFO - DAG(s) 'retail_anomaly_pipeline' retrieved from /opt/airflow/dags/retail_pipeline.py
[2026-06-08T12:00:34.502+0000] {logging_mixin.py:188} INFO - [2026-06-08T12:00:34.502+0000] {dag.py:3096} INFO - Sync 1 DAGs
[2026-06-08T12:00:34.528+0000] {logging_mixin.py:188} INFO - [2026-06-08T12:00:34.528+0000] {dag.py:3954} INFO - Setting next_dagrun for retail_anomaly_pipeline to 2026-06-08 06:00:00+00:00, run_after=2026-06-09 06:00:00+00:00
[2026-06-08T12:00:34.555+0000] {processor.py:183} INFO - Processing /opt/airflow/dags/retail_pipeline.py took 2.749 seconds
[2026-06-08T12:01:04.926+0000] {processor.py:161} INFO - Started process (PID=357) to work on /opt/airflow/dags/retail_pipeline.py
[2026-06-08T12:01:04.929+0000] {processor.py:830} INFO - Processing file /opt/airflow/dags/retail_pipeline.py for tasks to queue
[2026-06-08T12:01:04.941+0000] {logging_mixin.py:188} INFO - [2026-06-08T12:01:04.940+0000] {dagbag.py:545} INFO - Filling up the DagBag from /opt/airflow/dags/retail_pipeline.py
[2026-06-08T12:01:07.201+0000] {processor.py:840} INFO - DAG(s) 'retail_anomaly_pipeline' retrieved from /opt/airflow/dags/retail_pipeline.py
[2026-06-08T12:01:07.231+0000] {logging_mixin.py:188} INFO - [2026-06-08T12:01:07.231+0000] {dag.py:3096} INFO - Sync 1 DAGs
[2026-06-08T12:01:07.257+0000] {logging_mixin.py:188} INFO - [2026-06-08T12:01:07.256+0000] {dag.py:3954} INFO - Setting next_dagrun for retail_anomaly_pipeline to 2026-06-08 06:00:00+00:00, run_after=2026-06-09 06:00:00+00:00
[2026-06-08T12:01:07.279+0000] {processor.py:183} INFO - Processing /opt/airflow/dags/retail_pipeline.py took 2.365 seconds
[2026-06-08T12:01:37.516+0000] {processor.py:161} INFO - Started process (PID=364) to work on /opt/airflow/dags/retail_pipeline.py
[2026-06-08T12:01:37.518+0000] {processor.py:830} INFO - Processing file /opt/airflow/dags/retail_pipeline.py for tasks to queue
[2026-06-08T12:01:37.521+0000] {logging_mixin.py:188} INFO - [2026-06-08T12:01:37.520+0000] {dagbag.py:545} INFO - Filling up the DagBag from /opt/airflow/dags/retail_pipeline.py
[2026-06-08T12:01:40.001+0000] {processor.py:840} INFO - DAG(s) 'retail_anomaly_pipeline' retrieved from /opt/airflow/dags/retail_pipeline.py
[2026-06-08T12:01:40.034+0000] {logging_mixin.py:188} INFO - [2026-06-08T12:01:40.033+0000] {dag.py:3096} INFO - Sync 1 DAGs
[2026-06-08T12:01:40.062+0000] {logging_mixin.py:188} INFO - [2026-06-08T12:01:40.061+0000] {dag.py:3954} INFO - Setting next_dagrun for retail_anomaly_pipeline to 2026-06-08 06:00:00+00:00, run_after=2026-06-09 06:00:00+00:00
[2026-06-08T12:01:40.086+0000] {processor.py:183} INFO - Processing /opt/airflow/dags/retail_pipeline.py took 2.578 seconds
[2026-06-08T12:02:10.483+0000] {processor.py:161} INFO - Started process (PID=371) to work on /opt/airflow/dags/retail_pipeline.py
[2026-06-08T12:02:10.485+0000] {processor.py:830} INFO - Processing file /opt/airflow/dags/retail_pipeline.py for tasks to queue
[2026-06-08T12:02:10.488+0000] {logging_mixin.py:188} INFO - [2026-06-08T12:02:10.487+0000] {dagbag.py:545} INFO - Filling up the DagBag from /opt/airflow/dags/retail_pipeline.py
[2026-06-08T12:02:12.745+0000] {processor.py:840} INFO - DAG(s) 'retail_anomaly_pipeline' retrieved from /opt/airflow/dags/retail_pipeline.py
[2026-06-08T12:02:12.776+0000] {logging_mixin.py:188} INFO - [2026-06-08T12:02:12.775+0000] {dag.py:3096} INFO - Sync 1 DAGs
[2026-06-08T12:02:12.800+0000] {logging_mixin.py:188} INFO - [2026-06-08T12:02:12.799+0000] {dag.py:3954} INFO - Setting next_dagrun for retail_anomaly_pipeline to 2026-06-08 06:00:00+00:00, run_after=2026-06-09 06:00:00+00:00
[2026-06-08T12:02:12.823+0000] {processor.py:183} INFO - Processing /opt/airflow/dags/retail_pipeline.py took 2.348 seconds
[2026-06-08T12:02:43.143+0000] {processor.py:161} INFO - Started process (PID=378) to work on /opt/airflow/dags/retail_pipeline.py
[2026-06-08T12:02:43.144+0000] {processor.py:830} INFO - Processing file /opt/airflow/dags/retail_pipeline.py for tasks to queue
[2026-06-08T12:02:43.148+0000] {logging_mixin.py:188} INFO - [2026-06-08T12:02:43.147+0000] {dagbag.py:545} INFO - Filling up the DagBag from /opt/airflow/dags/retail_pipeline.py
[2026-06-08T12:02:45.391+0000] {processor.py:840} INFO - DAG(s) 'retail_anomaly_pipeline' retrieved from /opt/airflow/dags/retail_pipeline.py
[2026-06-08T12:02:45.422+0000] {logging_mixin.py:188} INFO - [2026-06-08T12:02:45.422+0000] {dag.py:3096} INFO - Sync 1 DAGs
[2026-06-08T12:02:45.446+0000] {logging_mixin.py:188} INFO - [2026-06-08T12:02:45.446+0000] {dag.py:3954} INFO - Setting next_dagrun for retail_anomaly_pipeline to 2026-06-08 06:00:00+00:00, run_after=2026-06-09 06:00:00+00:00
[2026-06-08T12:02:45.470+0000] {processor.py:183} INFO - Processing /opt/airflow/dags/retail_pipeline.py took 2.336 seconds
[2026-06-08T12:03:15.785+0000] {processor.py:161} INFO - Started process (PID=385) to work on /opt/airflow/dags/retail_pipeline.py
[2026-06-08T12:03:15.787+0000] {processor.py:830} INFO - Processing file /opt/airflow/dags/retail_pipeline.py for tasks to queue
[2026-06-08T12:03:15.790+0000] {logging_mixin.py:188} INFO - [2026-06-08T12:03:15.789+0000] {dagbag.py:545} INFO - Filling up the DagBag from /opt/airflow/dags/retail_pipeline.py
[2026-06-08T12:03:18.133+0000] {processor.py:840} INFO - DAG(s) 'retail_anomaly_pipeline' retrieved from /opt/airflow/dags/retail_pipeline.py
[2026-06-08T12:03:18.172+0000] {logging_mixin.py:188} INFO - [2026-06-08T12:03:18.171+0000] {dag.py:3096} INFO - Sync 1 DAGs
[2026-06-08T12:03:18.203+0000] {logging_mixin.py:188} INFO - [2026-06-08T12:03:18.202+0000] {dag.py:3954} INFO - Setting next_dagrun for retail_anomaly_pipeline to 2026-06-08 06:00:00+00:00, run_after=2026-06-09 06:00:00+00:00
[2026-06-08T12:03:18.232+0000] {processor.py:183} INFO - Processing /opt/airflow/dags/retail_pipeline.py took 2.457 seconds
[2026-06-08T12:03:48.580+0000] {processor.py:161} INFO - Started process (PID=392) to work on /opt/airflow/dags/retail_pipeline.py
[2026-06-08T12:03:48.582+0000] {processor.py:830} INFO - Processing file /opt/airflow/dags/retail_pipeline.py for tasks to queue
[2026-06-08T12:03:48.586+0000] {logging_mixin.py:188} INFO - [2026-06-08T12:03:48.585+0000] {dagbag.py:545} INFO - Filling up the DagBag from /opt/airflow/dags/retail_pipeline.py
[2026-06-08T12:03:50.818+0000] {processor.py:840} INFO - DAG(s) 'retail_anomaly_pipeline' retrieved from /opt/airflow/dags/retail_pipeline.py
[2026-06-08T12:03:50.848+0000] {logging_mixin.py:188} INFO - [2026-06-08T12:03:50.848+0000] {dag.py:3096} INFO - Sync 1 DAGs
[2026-06-08T12:03:50.873+0000] {logging_mixin.py:188} INFO - [2026-06-08T12:03:50.872+0000] {dag.py:3954} INFO - Setting next_dagrun for retail_anomaly_pipeline to 2026-06-08 06:00:00+00:00, run_after=2026-06-09 06:00:00+00:00
[2026-06-08T12:03:50.896+0000] {processor.py:183} INFO - Processing /opt/airflow/dags/retail_pipeline.py took 2.324 seconds
[2026-06-08T12:04:21.234+0000] {processor.py:161} INFO - Started process (PID=399) to work on /opt/airflow/dags/retail_pipeline.py
[2026-06-08T12:04:21.236+0000] {processor.py:830} INFO - Processing file /opt/airflow/dags/retail_pipeline.py for tasks to queue
[2026-06-08T12:04:21.238+0000] {logging_mixin.py:188} INFO - [2026-06-08T12:04:21.238+0000] {dagbag.py:545} INFO - Filling up the DagBag from /opt/airflow/dags/retail_pipeline.py
[2026-06-08T12:04:23.299+0000] {processor.py:840} INFO - DAG(s) 'retail_anomaly_pipeline' retrieved from /opt/airflow/dags/retail_pipeline.py
[2026-06-08T12:04:23.327+0000] {logging_mixin.py:188} INFO - [2026-06-08T12:04:23.327+0000] {dag.py:3096} INFO - Sync 1 DAGs
[2026-06-08T12:04:23.353+0000] {logging_mixin.py:188} INFO - [2026-06-08T12:04:23.353+0000] {dag.py:3954} INFO - Setting next_dagrun for retail_anomaly_pipeline to 2026-06-08 06:00:00+00:00, run_after=2026-06-09 06:00:00+00:00
[2026-06-08T12:04:23.378+0000] {processor.py:183} INFO - Processing /opt/airflow/dags/retail_pipeline.py took 2.155 seconds
[2026-06-08T12:04:53.556+0000] {processor.py:161} INFO - Started process (PID=406) to work on /opt/airflow/dags/retail_pipeline.py
[2026-06-08T12:04:53.558+0000] {processor.py:830} INFO - Processing file /opt/airflow/dags/retail_pipeline.py for tasks to queue
[2026-06-08T12:04:53.560+0000] {logging_mixin.py:188} INFO - [2026-06-08T12:04:53.560+0000] {dagbag.py:545} INFO - Filling up the DagBag from /opt/airflow/dags/retail_pipeline.py
[2026-06-08T12:04:55.777+0000] {processor.py:840} INFO - DAG(s) 'retail_anomaly_pipeline' retrieved from /opt/airflow/dags/retail_pipeline.py
[2026-06-08T12:04:55.805+0000] {logging_mixin.py:188} INFO - [2026-06-08T12:04:55.805+0000] {dag.py:3096} INFO - Sync 1 DAGs
[2026-06-08T12:04:55.828+0000] {logging_mixin.py:188} INFO - [2026-06-08T12:04:55.828+0000] {dag.py:3954} INFO - Setting next_dagrun for retail_anomaly_pipeline to 2026-06-08 06:00:00+00:00, run_after=2026-06-09 06:00:00+00:00
[2026-06-08T12:04:55.851+0000] {processor.py:183} INFO - Processing /opt/airflow/dags/retail_pipeline.py took 2.301 seconds
[2026-06-08T12:05:26.022+0000] {processor.py:161} INFO - Started process (PID=413) to work on /opt/airflow/dags/retail_pipeline.py
[2026-06-08T12:05:26.025+0000] {processor.py:830} INFO - Processing file /opt/airflow/dags/retail_pipeline.py for tasks to queue
[2026-06-08T12:05:26.028+0000] {logging_mixin.py:188} INFO - [2026-06-08T12:05:26.027+0000] {dagbag.py:545} INFO - Filling up the DagBag from /opt/airflow/dags/retail_pipeline.py
[2026-06-08T12:05:29.884+0000] {processor.py:840} INFO - DAG(s) 'retail_anomaly_pipeline' retrieved from /opt/airflow/dags/retail_pipeline.py
[2026-06-08T12:05:29.946+0000] {logging_mixin.py:188} INFO - [2026-06-08T12:05:29.945+0000] {dag.py:3096} INFO - Sync 1 DAGs
[2026-06-08T12:05:29.978+0000] {logging_mixin.py:188} INFO - [2026-06-08T12:05:29.978+0000] {dag.py:3954} INFO - Setting next_dagrun for retail_anomaly_pipeline to 2026-06-08 06:00:00+00:00, run_after=2026-06-09 06:00:00+00:00
[2026-06-08T12:05:30.008+0000] {processor.py:183} INFO - Processing /opt/airflow/dags/retail_pipeline.py took 3.996 seconds
[2026-06-08T12:06:00.443+0000] {processor.py:161} INFO - Started process (PID=420) to work on /opt/airflow/dags/retail_pipeline.py
[2026-06-08T12:06:00.449+0000] {processor.py:830} INFO - Processing file /opt/airflow/dags/retail_pipeline.py for tasks to queue
[2026-06-08T12:06:00.461+0000] {logging_mixin.py:188} INFO - [2026-06-08T12:06:00.459+0000] {dagbag.py:545} INFO - Filling up the DagBag from /opt/airflow/dags/retail_pipeline.py
[2026-06-08T12:06:04.305+0000] {processor.py:840} INFO - DAG(s) 'retail_anomaly_pipeline' retrieved from /opt/airflow/dags/retail_pipeline.py
[2026-06-08T12:06:04.381+0000] {logging_mixin.py:188} INFO - [2026-06-08T12:06:04.380+0000] {dag.py:3096} INFO - Sync 1 DAGs
[2026-06-08T12:06:04.419+0000] {logging_mixin.py:188} INFO - [2026-06-08T12:06:04.418+0000] {dag.py:3954} INFO - Setting next_dagrun for retail_anomaly_pipeline to 2026-06-08 06:00:00+00:00, run_after=2026-06-09 06:00:00+00:00
[2026-06-08T12:06:04.446+0000] {processor.py:183} INFO - Processing /opt/airflow/dags/retail_pipeline.py took 4.053 seconds
[2026-06-08T12:06:34.766+0000] {processor.py:161} INFO - Started process (PID=427) to work on /opt/airflow/dags/retail_pipeline.py
[2026-06-08T12:06:34.769+0000] {processor.py:830} INFO - Processing file /opt/airflow/dags/retail_pipeline.py for tasks to queue
[2026-06-08T12:06:34.775+0000] {logging_mixin.py:188} INFO - [2026-06-08T12:06:34.774+0000] {dagbag.py:545} INFO - Filling up the DagBag from /opt/airflow/dags/retail_pipeline.py
[2026-06-08T12:06:37.921+0000] {processor.py:840} INFO - DAG(s) 'retail_anomaly_pipeline' retrieved from /opt/airflow/dags/retail_pipeline.py
[2026-06-08T12:06:37.955+0000] {logging_mixin.py:188} INFO - [2026-06-08T12:06:37.954+0000] {dag.py:3096} INFO - Sync 1 DAGs
[2026-06-08T12:06:37.980+0000] {logging_mixin.py:188} INFO - [2026-06-08T12:06:37.980+0000] {dag.py:3954} INFO - Setting next_dagrun for retail_anomaly_pipeline to 2026-06-08 06:00:00+00:00, run_after=2026-06-09 06:00:00+00:00
[2026-06-08T12:06:38.012+0000] {processor.py:183} INFO - Processing /opt/airflow/dags/retail_pipeline.py took 3.258 seconds
[2026-06-08T12:07:08.328+0000] {processor.py:161} INFO - Started process (PID=434) to work on /opt/airflow/dags/retail_pipeline.py
[2026-06-08T12:07:08.330+0000] {processor.py:830} INFO - Processing file /opt/airflow/dags/retail_pipeline.py for tasks to queue
[2026-06-08T12:07:08.333+0000] {logging_mixin.py:188} INFO - [2026-06-08T12:07:08.332+0000] {dagbag.py:545} INFO - Filling up the DagBag from /opt/airflow/dags/retail_pipeline.py
[2026-06-08T12:07:10.907+0000] {processor.py:840} INFO - DAG(s) 'retail_anomaly_pipeline' retrieved from /opt/airflow/dags/retail_pipeline.py
[2026-06-08T12:07:10.947+0000] {logging_mixin.py:188} INFO - [2026-06-08T12:07:10.947+0000] {dag.py:3096} INFO - Sync 1 DAGs
[2026-06-08T12:07:10.981+0000] {logging_mixin.py:188} INFO - [2026-06-08T12:07:10.981+0000] {dag.py:3954} INFO - Setting next_dagrun for retail_anomaly_pipeline to 2026-06-08 06:00:00+00:00, run_after=2026-06-09 06:00:00+00:00
[2026-06-08T12:07:11.009+0000] {processor.py:183} INFO - Processing /opt/airflow/dags/retail_pipeline.py took 2.689 seconds
[2026-06-08T12:07:41.391+0000] {processor.py:161} INFO - Started process (PID=441) to work on /opt/airflow/dags/retail_pipeline.py
[2026-06-08T12:07:41.393+0000] {processor.py:830} INFO - Processing file /opt/airflow/dags/retail_pipeline.py for tasks to queue
[2026-06-08T12:07:41.396+0000] {logging_mixin.py:188} INFO - [2026-06-08T12:07:41.395+0000] {dagbag.py:545} INFO - Filling up the DagBag from /opt/airflow/dags/retail_pipeline.py
[2026-06-08T12:07:44.163+0000] {processor.py:840} INFO - DAG(s) 'retail_anomaly_pipeline' retrieved from /opt/airflow/dags/retail_pipeline.py
[2026-06-08T12:07:44.205+0000] {logging_mixin.py:188} INFO - [2026-06-08T12:07:44.205+0000] {dag.py:3096} INFO - Sync 1 DAGs
[2026-06-08T12:07:44.241+0000] {logging_mixin.py:188} INFO - [2026-06-08T12:07:44.240+0000] {dag.py:3954} INFO - Setting next_dagrun for retail_anomaly_pipeline to 2026-06-08 06:00:00+00:00, run_after=2026-06-09 06:00:00+00:00
[2026-06-08T12:07:44.271+0000] {processor.py:183} INFO - Processing /opt/airflow/dags/retail_pipeline.py took 2.889 seconds
[2026-06-08T12:08:14.582+0000] {processor.py:161} INFO - Started process (PID=448) to work on /opt/airflow/dags/retail_pipeline.py
[2026-06-08T12:08:14.584+0000] {processor.py:830} INFO - Processing file /opt/airflow/dags/retail_pipeline.py for tasks to queue
[2026-06-08T12:08:14.587+0000] {logging_mixin.py:188} INFO - [2026-06-08T12:08:14.587+0000] {dagbag.py:545} INFO - Filling up the DagBag from /opt/airflow/dags/retail_pipeline.py
[2026-06-08T12:08:17.182+0000] {processor.py:840} INFO - DAG(s) 'retail_anomaly_pipeline' retrieved from /opt/airflow/dags/retail_pipeline.py
[2026-06-08T12:08:17.226+0000] {logging_mixin.py:188} INFO - [2026-06-08T12:08:17.225+0000] {dag.py:3096} INFO - Sync 1 DAGs
[2026-06-08T12:08:17.301+0000] {logging_mixin.py:188} INFO - [2026-06-08T12:08:17.300+0000] {dag.py:3954} INFO - Setting next_dagrun for retail_anomaly_pipeline to 2026-06-08 06:00:00+00:00, run_after=2026-06-09 06:00:00+00:00
[2026-06-08T12:08:17.379+0000] {processor.py:183} INFO - Processing /opt/airflow/dags/retail_pipeline.py took 2.807 seconds
[2026-06-08T12:08:47.770+0000] {processor.py:161} INFO - Started process (PID=455) to work on /opt/airflow/dags/retail_pipeline.py
[2026-06-08T12:08:47.772+0000] {processor.py:830} INFO - Processing file /opt/airflow/dags/retail_pipeline.py for tasks to queue
[2026-06-08T12:08:47.776+0000] {logging_mixin.py:188} INFO - [2026-06-08T12:08:47.775+0000] {dagbag.py:545} INFO - Filling up the DagBag from /opt/airflow/dags/retail_pipeline.py
[2026-06-08T12:08:50.377+0000] {processor.py:840} INFO - DAG(s) 'retail_anomaly_pipeline' retrieved from /opt/airflow/dags/retail_pipeline.py
[2026-06-08T12:08:50.420+0000] {logging_mixin.py:188} INFO - [2026-06-08T12:08:50.420+0000] {dag.py:3096} INFO - Sync 1 DAGs
[2026-06-08T12:08:50.448+0000] {logging_mixin.py:188} INFO - [2026-06-08T12:08:50.447+0000] {dag.py:3954} INFO - Setting next_dagrun for retail_anomaly_pipeline to 2026-06-08 06:00:00+00:00, run_after=2026-06-09 06:00:00+00:00
[2026-06-08T12:08:50.475+0000] {processor.py:183} INFO - Processing /opt/airflow/dags/retail_pipeline.py took 2.715 seconds
[2026-06-08T12:09:20.800+0000] {processor.py:161} INFO - Started process (PID=462) to work on /opt/airflow/dags/retail_pipeline.py
[2026-06-08T12:09:20.803+0000] {processor.py:830} INFO - Processing file /opt/airflow/dags/retail_pipeline.py for tasks to queue
[2026-06-08T12:09:20.806+0000] {logging_mixin.py:188} INFO - [2026-06-08T12:09:20.806+0000] {dagbag.py:545} INFO - Filling up the DagBag from /opt/airflow/dags/retail_pipeline.py
[2026-06-08T12:09:23.260+0000] {processor.py:840} INFO - DAG(s) 'retail_anomaly_pipeline' retrieved from /opt/airflow/dags/retail_pipeline.py
[2026-06-08T12:09:23.289+0000] {logging_mixin.py:188} INFO - [2026-06-08T12:09:23.289+0000] {dag.py:3096} INFO - Sync 1 DAGs
[2026-06-08T12:09:23.314+0000] {logging_mixin.py:188} INFO - [2026-06-08T12:09:23.314+0000] {dag.py:3954} INFO - Setting next_dagrun for retail_anomaly_pipeline to 2026-06-08 06:00:00+00:00, run_after=2026-06-09 06:00:00+00:00
[2026-06-08T12:09:23.344+0000] {processor.py:183} INFO - Processing /opt/airflow/dags/retail_pipeline.py took 2.562 seconds
[2026-06-08T12:09:53.691+0000] {processor.py:161} INFO - Started process (PID=469) to work on /opt/airflow/dags/retail_pipeline.py
[2026-06-08T12:09:53.692+0000] {processor.py:830} INFO - Processing file /opt/airflow/dags/retail_pipeline.py for tasks to queue
[2026-06-08T12:09:53.695+0000] {logging_mixin.py:188} INFO - [2026-06-08T12:09:53.695+0000] {dagbag.py:545} INFO - Filling up the DagBag from /opt/airflow/dags/retail_pipeline.py
[2026-06-08T12:09:56.015+0000] {processor.py:840} INFO - DAG(s) 'retail_anomaly_pipeline' retrieved from /opt/airflow/dags/retail_pipeline.py
[2026-06-08T12:09:56.048+0000] {logging_mixin.py:188} INFO - [2026-06-08T12:09:56.047+0000] {dag.py:3096} INFO - Sync 1 DAGs
[2026-06-08T12:09:56.072+0000] {logging_mixin.py:188} INFO - [2026-06-08T12:09:56.072+0000] {dag.py:3954} INFO - Setting next_dagrun for retail_anomaly_pipeline to 2026-06-08 06:00:00+00:00, run_after=2026-06-09 06:00:00+00:00
[2026-06-08T12:09:56.097+0000] {processor.py:183} INFO - Processing /opt/airflow/dags/retail_pipeline.py took 2.416 seconds
[2026-06-08T12:10:26.398+0000] {processor.py:161} INFO - Started process (PID=476) to work on /opt/airflow/dags/retail_pipeline.py
[2026-06-08T12:10:26.400+0000] {processor.py:830} INFO - Processing file /opt/airflow/dags/retail_pipeline.py for tasks to queue
[2026-06-08T12:10:26.404+0000] {logging_mixin.py:188} INFO - [2026-06-08T12:10:26.404+0000] {dagbag.py:545} INFO - Filling up the DagBag from /opt/airflow/dags/retail_pipeline.py
[2026-06-08T12:10:28.784+0000] {processor.py:840} INFO - DAG(s) 'retail_anomaly_pipeline' retrieved from /opt/airflow/dags/retail_pipeline.py
[2026-06-08T12:10:28.840+0000] {logging_mixin.py:188} INFO - [2026-06-08T12:10:28.839+0000] {dag.py:3096} INFO - Sync 1 DAGs
[2026-06-08T12:10:28.875+0000] {logging_mixin.py:188} INFO - [2026-06-08T12:10:28.875+0000] {dag.py:3954} INFO - Setting next_dagrun for retail_anomaly_pipeline to 2026-06-08 06:00:00+00:00, run_after=2026-06-09 06:00:00+00:00
[2026-06-08T12:10:28.907+0000] {processor.py:183} INFO - Processing /opt/airflow/dags/retail_pipeline.py took 2.516 seconds
[2026-06-08T12:10:59.307+0000] {processor.py:161} INFO - Started process (PID=483) to work on /opt/airflow/dags/retail_pipeline.py
[2026-06-08T12:10:59.309+0000] {processor.py:830} INFO - Processing file /opt/airflow/dags/retail_pipeline.py for tasks to queue
[2026-06-08T12:10:59.313+0000] {logging_mixin.py:188} INFO - [2026-06-08T12:10:59.312+0000] {dagbag.py:545} INFO - Filling up the DagBag from /opt/airflow/dags/retail_pipeline.py
[2026-06-08T12:11:02.015+0000] {processor.py:840} INFO - DAG(s) 'retail_anomaly_pipeline' retrieved from /opt/airflow/dags/retail_pipeline.py
[2026-06-08T12:11:02.043+0000] {logging_mixin.py:188} INFO - [2026-06-08T12:11:02.042+0000] {dag.py:3096} INFO - Sync 1 DAGs
[2026-06-08T12:11:02.067+0000] {logging_mixin.py:188} INFO - [2026-06-08T12:11:02.067+0000] {dag.py:3954} INFO - Setting next_dagrun for retail_anomaly_pipeline to 2026-06-08 06:00:00+00:00, run_after=2026-06-09 06:00:00+00:00
[2026-06-08T12:11:02.113+0000] {processor.py:183} INFO - Processing /opt/airflow/dags/retail_pipeline.py took 2.812 seconds
[2026-06-08T12:11:32.461+0000] {processor.py:161} INFO - Started process (PID=490) to work on /opt/airflow/dags/retail_pipeline.py
[2026-06-08T12:11:32.463+0000] {processor.py:830} INFO - Processing file /opt/airflow/dags/retail_pipeline.py for tasks to queue
[2026-06-08T12:11:32.466+0000] {logging_mixin.py:188} INFO - [2026-06-08T12:11:32.466+0000] {dagbag.py:545} INFO - Filling up the DagBag from /opt/airflow/dags/retail_pipeline.py
[2026-06-08T12:11:35.177+0000] {processor.py:840} INFO - DAG(s) 'retail_anomaly_pipeline' retrieved from /opt/airflow/dags/retail_pipeline.py
[2026-06-08T12:11:35.274+0000] {logging_mixin.py:188} INFO - [2026-06-08T12:11:35.265+0000] {dag.py:3096} INFO - Sync 1 DAGs
[2026-06-08T12:11:35.348+0000] {logging_mixin.py:188} INFO - [2026-06-08T12:11:35.348+0000] {dag.py:3954} INFO - Setting next_dagrun for retail_anomaly_pipeline to 2026-06-08 06:00:00+00:00, run_after=2026-06-09 06:00:00+00:00
[2026-06-08T12:11:35.394+0000] {processor.py:183} INFO - Processing /opt/airflow/dags/retail_pipeline.py took 2.941 seconds
[2026-06-08T12:12:05.481+0000] {processor.py:161} INFO - Started process (PID=497) to work on /opt/airflow/dags/retail_pipeline.py
[2026-06-08T12:12:05.483+0000] {processor.py:830} INFO - Processing file /opt/airflow/dags/retail_pipeline.py for tasks to queue
[2026-06-08T12:12:05.485+0000] {logging_mixin.py:188} INFO - [2026-06-08T12:12:05.485+0000] {dagbag.py:545} INFO - Filling up the DagBag from /opt/airflow/dags/retail_pipeline.py
[2026-06-08T12:12:07.751+0000] {processor.py:840} INFO - DAG(s) 'retail_anomaly_pipeline' retrieved from /opt/airflow/dags/retail_pipeline.py
[2026-06-08T12:12:07.843+0000] {logging_mixin.py:188} INFO - [2026-06-08T12:12:07.842+0000] {dag.py:3096} INFO - Sync 1 DAGs
[2026-06-08T12:12:07.872+0000] {logging_mixin.py:188} INFO - [2026-06-08T12:12:07.872+0000] {dag.py:3954} INFO - Setting next_dagrun for retail_anomaly_pipeline to 2026-06-08 06:00:00+00:00, run_after=2026-06-09 06:00:00+00:00
[2026-06-08T12:12:07.903+0000] {processor.py:183} INFO - Processing /opt/airflow/dags/retail_pipeline.py took 2.428 seconds
[2026-06-08T12:12:38.268+0000] {processor.py:161} INFO - Started process (PID=504) to work on /opt/airflow/dags/retail_pipeline.py
[2026-06-08T12:12:38.272+0000] {processor.py:830} INFO - Processing file /opt/airflow/dags/retail_pipeline.py for tasks to queue
[2026-06-08T12:12:38.279+0000] {logging_mixin.py:188} INFO - [2026-06-08T12:12:38.277+0000] {dagbag.py:545} INFO - Filling up the DagBag from /opt/airflow/dags/retail_pipeline.py
[2026-06-08T12:12:41.762+0000] {processor.py:840} INFO - DAG(s) 'retail_anomaly_pipeline' retrieved from /opt/airflow/dags/retail_pipeline.py
[2026-06-08T12:12:41.840+0000] {logging_mixin.py:188} INFO - [2026-06-08T12:12:41.840+0000] {dag.py:3096} INFO - Sync 1 DAGs
[2026-06-08T12:12:41.885+0000] {logging_mixin.py:188} INFO - [2026-06-08T12:12:41.884+0000] {dag.py:3954} INFO - Setting next_dagrun for retail_anomaly_pipeline to 2026-06-08 06:00:00+00:00, run_after=2026-06-09 06:00:00+00:00
[2026-06-08T12:12:41.915+0000] {processor.py:183} INFO - Processing /opt/airflow/dags/retail_pipeline.py took 3.665 seconds
[2026-06-08T12:13:12.254+0000] {processor.py:161} INFO - Started process (PID=511) to work on /opt/airflow/dags/retail_pipeline.py
[2026-06-08T12:13:12.256+0000] {processor.py:830} INFO - Processing file /opt/airflow/dags/retail_pipeline.py for tasks to queue
[2026-06-08T12:13:12.261+0000] {logging_mixin.py:188} INFO - [2026-06-08T12:13:12.260+0000] {dagbag.py:545} INFO - Filling up the DagBag from /opt/airflow/dags/retail_pipeline.py
[2026-06-08T12:13:15.508+0000] {processor.py:840} INFO - DAG(s) 'retail_anomaly_pipeline' retrieved from /opt/airflow/dags/retail_pipeline.py
[2026-06-08T12:13:15.559+0000] {logging_mixin.py:188} INFO - [2026-06-08T12:13:15.558+0000] {dag.py:3096} INFO - Sync 1 DAGs
[2026-06-08T12:13:15.598+0000] {logging_mixin.py:188} INFO - [2026-06-08T12:13:15.597+0000] {dag.py:3954} INFO - Setting next_dagrun for retail_anomaly_pipeline to 2026-06-08 06:00:00+00:00, run_after=2026-06-09 06:00:00+00:00
[2026-06-08T12:13:15.625+0000] {processor.py:183} INFO - Processing /opt/airflow/dags/retail_pipeline.py took 3.381 seconds
[2026-06-08T12:13:45.815+0000] {processor.py:161} INFO - Started process (PID=518) to work on /opt/airflow/dags/retail_pipeline.py
[2026-06-08T12:13:45.817+0000] {processor.py:830} INFO - Processing file /opt/airflow/dags/retail_pipeline.py for tasks to queue
[2026-06-08T12:13:45.820+0000] {logging_mixin.py:188} INFO - [2026-06-08T12:13:45.819+0000] {dagbag.py:545} INFO - Filling up the DagBag from /opt/airflow/dags/retail_pipeline.py
[2026-06-08T12:13:49.413+0000] {processor.py:840} INFO - DAG(s) 'retail_anomaly_pipeline' retrieved from /opt/airflow/dags/retail_pipeline.py
[2026-06-08T12:13:49.462+0000] {logging_mixin.py:188} INFO - [2026-06-08T12:13:49.462+0000] {dag.py:3096} INFO - Sync 1 DAGs
[2026-06-08T12:13:49.495+0000] {logging_mixin.py:188} INFO - [2026-06-08T12:13:49.494+0000] {dag.py:3954} INFO - Setting next_dagrun for retail_anomaly_pipeline to 2026-06-08 06:00:00+00:00, run_after=2026-06-09 06:00:00+00:00
[2026-06-08T12:13:49.521+0000] {processor.py:183} INFO - Processing /opt/airflow/dags/retail_pipeline.py took 3.716 seconds
