[2026-06-09T05:11:30.569+0000] {processor.py:161} INFO - Started process (PID=218) to work on /opt/airflow/dags/retail_pipeline.py
[2026-06-09T05:11:30.575+0000] {processor.py:830} INFO - Processing file /opt/airflow/dags/retail_pipeline.py for tasks to queue
[2026-06-09T05:11:30.585+0000] {logging_mixin.py:188} INFO - [2026-06-09T05:11:30.583+0000] {dagbag.py:545} INFO - Filling up the DagBag from /opt/airflow/dags/retail_pipeline.py
[2026-06-09T05:11:35.548+0000] {processor.py:840} INFO - DAG(s) 'retail_anomaly_pipeline' retrieved from /opt/airflow/dags/retail_pipeline.py
[2026-06-09T05:11:35.940+0000] {logging_mixin.py:188} INFO - [2026-06-09T05:11:35.939+0000] {override.py:1829} INFO - Created Permission View: can delete on DAG:retail_anomaly_pipeline
[2026-06-09T05:11:35.957+0000] {logging_mixin.py:188} INFO - [2026-06-09T05:11:35.957+0000] {override.py:1829} INFO - Created Permission View: can read on DAG:retail_anomaly_pipeline
[2026-06-09T05:11:35.967+0000] {logging_mixin.py:188} INFO - [2026-06-09T05:11:35.967+0000] {override.py:1829} INFO - Created Permission View: can edit on DAG:retail_anomaly_pipeline
[2026-06-09T05:11:35.969+0000] {logging_mixin.py:188} INFO - [2026-06-09T05:11:35.968+0000] {dag.py:3096} INFO - Sync 1 DAGs
[2026-06-09T05:11:35.990+0000] {logging_mixin.py:188} INFO - [2026-06-09T05:11:35.989+0000] {dag.py:3118} INFO - Creating ORM DAG for retail_anomaly_pipeline
[2026-06-09T05:11:36.009+0000] {logging_mixin.py:188} INFO - [2026-06-09T05:11:36.009+0000] {dag.py:3954} INFO - Setting next_dagrun for retail_anomaly_pipeline to 2026-06-07 06:00:00+00:00, run_after=2026-06-08 06:00:00+00:00
[2026-06-09T05:11:36.050+0000] {processor.py:183} INFO - Processing /opt/airflow/dags/retail_pipeline.py took 5.512 seconds
[2026-06-09T05:12:06.326+0000] {processor.py:161} INFO - Started process (PID=225) to work on /opt/airflow/dags/retail_pipeline.py
[2026-06-09T05:12:06.328+0000] {processor.py:830} INFO - Processing file /opt/airflow/dags/retail_pipeline.py for tasks to queue
[2026-06-09T05:12:06.331+0000] {logging_mixin.py:188} INFO - [2026-06-09T05:12:06.330+0000] {dagbag.py:545} INFO - Filling up the DagBag from /opt/airflow/dags/retail_pipeline.py
[2026-06-09T05:12:09.702+0000] {processor.py:840} INFO - DAG(s) 'retail_anomaly_pipeline' retrieved from /opt/airflow/dags/retail_pipeline.py
[2026-06-09T05:12:09.755+0000] {logging_mixin.py:188} INFO - [2026-06-09T05:12:09.754+0000] {dag.py:3096} INFO - Sync 1 DAGs
[2026-06-09T05:12:09.791+0000] {logging_mixin.py:188} INFO - [2026-06-09T05:12:09.791+0000] {dag.py:3954} INFO - Setting next_dagrun for retail_anomaly_pipeline to 2026-06-07 06:00:00+00:00, run_after=2026-06-08 06:00:00+00:00
[2026-06-09T05:12:09.822+0000] {processor.py:183} INFO - Processing /opt/airflow/dags/retail_pipeline.py took 3.504 seconds
[2026-06-09T05:12:40.094+0000] {processor.py:161} INFO - Started process (PID=232) to work on /opt/airflow/dags/retail_pipeline.py
[2026-06-09T05:12:40.095+0000] {processor.py:830} INFO - Processing file /opt/airflow/dags/retail_pipeline.py for tasks to queue
[2026-06-09T05:12:40.115+0000] {logging_mixin.py:188} INFO - [2026-06-09T05:12:40.111+0000] {dagbag.py:545} INFO - Filling up the DagBag from /opt/airflow/dags/retail_pipeline.py
[2026-06-09T05:12:42.435+0000] {processor.py:840} INFO - DAG(s) 'retail_anomaly_pipeline' retrieved from /opt/airflow/dags/retail_pipeline.py
[2026-06-09T05:12:42.469+0000] {logging_mixin.py:188} INFO - [2026-06-09T05:12:42.468+0000] {dag.py:3096} INFO - Sync 1 DAGs
[2026-06-09T05:12:42.495+0000] {logging_mixin.py:188} INFO - [2026-06-09T05:12:42.495+0000] {dag.py:3954} INFO - Setting next_dagrun for retail_anomaly_pipeline to 2026-06-07 06:00:00+00:00, run_after=2026-06-08 06:00:00+00:00
[2026-06-09T05:12:42.521+0000] {processor.py:183} INFO - Processing /opt/airflow/dags/retail_pipeline.py took 2.434 seconds
[2026-06-09T05:13:12.799+0000] {processor.py:161} INFO - Started process (PID=239) to work on /opt/airflow/dags/retail_pipeline.py
[2026-06-09T05:13:12.801+0000] {processor.py:830} INFO - Processing file /opt/airflow/dags/retail_pipeline.py for tasks to queue
[2026-06-09T05:13:12.805+0000] {logging_mixin.py:188} INFO - [2026-06-09T05:13:12.804+0000] {dagbag.py:545} INFO - Filling up the DagBag from /opt/airflow/dags/retail_pipeline.py
[2026-06-09T05:13:15.255+0000] {processor.py:840} INFO - DAG(s) 'retail_anomaly_pipeline' retrieved from /opt/airflow/dags/retail_pipeline.py
[2026-06-09T05:13:15.287+0000] {logging_mixin.py:188} INFO - [2026-06-09T05:13:15.286+0000] {dag.py:3096} INFO - Sync 1 DAGs
[2026-06-09T05:13:15.311+0000] {logging_mixin.py:188} INFO - [2026-06-09T05:13:15.311+0000] {dag.py:3954} INFO - Setting next_dagrun for retail_anomaly_pipeline to 2026-06-07 06:00:00+00:00, run_after=2026-06-08 06:00:00+00:00
[2026-06-09T05:13:15.335+0000] {processor.py:183} INFO - Processing /opt/airflow/dags/retail_pipeline.py took 2.544 seconds
[2026-06-09T05:13:45.613+0000] {processor.py:161} INFO - Started process (PID=246) to work on /opt/airflow/dags/retail_pipeline.py
[2026-06-09T05:13:45.615+0000] {processor.py:830} INFO - Processing file /opt/airflow/dags/retail_pipeline.py for tasks to queue
[2026-06-09T05:13:45.618+0000] {logging_mixin.py:188} INFO - [2026-06-09T05:13:45.617+0000] {dagbag.py:545} INFO - Filling up the DagBag from /opt/airflow/dags/retail_pipeline.py
[2026-06-09T05:13:48.031+0000] {processor.py:840} INFO - DAG(s) 'retail_anomaly_pipeline' retrieved from /opt/airflow/dags/retail_pipeline.py
[2026-06-09T05:13:48.068+0000] {logging_mixin.py:188} INFO - [2026-06-09T05:13:48.067+0000] {dag.py:3096} INFO - Sync 1 DAGs
[2026-06-09T05:13:48.098+0000] {logging_mixin.py:188} INFO - [2026-06-09T05:13:48.098+0000] {dag.py:3954} INFO - Setting next_dagrun for retail_anomaly_pipeline to 2026-06-07 06:00:00+00:00, run_after=2026-06-08 06:00:00+00:00
[2026-06-09T05:13:48.125+0000] {processor.py:183} INFO - Processing /opt/airflow/dags/retail_pipeline.py took 2.519 seconds
[2026-06-09T05:14:18.283+0000] {processor.py:161} INFO - Started process (PID=253) to work on /opt/airflow/dags/retail_pipeline.py
[2026-06-09T05:14:18.285+0000] {processor.py:830} INFO - Processing file /opt/airflow/dags/retail_pipeline.py for tasks to queue
[2026-06-09T05:14:18.288+0000] {logging_mixin.py:188} INFO - [2026-06-09T05:14:18.287+0000] {dagbag.py:545} INFO - Filling up the DagBag from /opt/airflow/dags/retail_pipeline.py
[2026-06-09T05:14:21.756+0000] {processor.py:840} INFO - DAG(s) 'retail_anomaly_pipeline' retrieved from /opt/airflow/dags/retail_pipeline.py
[2026-06-09T05:14:21.804+0000] {logging_mixin.py:188} INFO - [2026-06-09T05:14:21.803+0000] {dag.py:3096} INFO - Sync 1 DAGs
[2026-06-09T05:14:21.869+0000] {logging_mixin.py:188} INFO - [2026-06-09T05:14:21.868+0000] {dag.py:3954} INFO - Setting next_dagrun for retail_anomaly_pipeline to 2026-06-07 06:00:00+00:00, run_after=2026-06-08 06:00:00+00:00
[2026-06-09T05:14:21.931+0000] {processor.py:183} INFO - Processing /opt/airflow/dags/retail_pipeline.py took 3.656 seconds
[2026-06-09T05:14:52.327+0000] {processor.py:161} INFO - Started process (PID=260) to work on /opt/airflow/dags/retail_pipeline.py
[2026-06-09T05:14:52.329+0000] {processor.py:830} INFO - Processing file /opt/airflow/dags/retail_pipeline.py for tasks to queue
[2026-06-09T05:14:52.335+0000] {logging_mixin.py:188} INFO - [2026-06-09T05:14:52.334+0000] {dagbag.py:545} INFO - Filling up the DagBag from /opt/airflow/dags/retail_pipeline.py
[2026-06-09T05:14:54.992+0000] {processor.py:840} INFO - DAG(s) 'retail_anomaly_pipeline' retrieved from /opt/airflow/dags/retail_pipeline.py
[2026-06-09T05:14:55.038+0000] {logging_mixin.py:188} INFO - [2026-06-09T05:14:55.037+0000] {dag.py:3096} INFO - Sync 1 DAGs
[2026-06-09T05:14:55.069+0000] {logging_mixin.py:188} INFO - [2026-06-09T05:14:55.069+0000] {dag.py:3954} INFO - Setting next_dagrun for retail_anomaly_pipeline to 2026-06-07 06:00:00+00:00, run_after=2026-06-08 06:00:00+00:00
[2026-06-09T05:14:55.099+0000] {processor.py:183} INFO - Processing /opt/airflow/dags/retail_pipeline.py took 2.780 seconds
[2026-06-09T05:15:25.464+0000] {processor.py:161} INFO - Started process (PID=267) to work on /opt/airflow/dags/retail_pipeline.py
[2026-06-09T05:15:25.466+0000] {processor.py:830} INFO - Processing file /opt/airflow/dags/retail_pipeline.py for tasks to queue
[2026-06-09T05:15:25.470+0000] {logging_mixin.py:188} INFO - [2026-06-09T05:15:25.470+0000] {dagbag.py:545} INFO - Filling up the DagBag from /opt/airflow/dags/retail_pipeline.py
[2026-06-09T05:15:28.635+0000] {processor.py:840} INFO - DAG(s) 'retail_anomaly_pipeline' retrieved from /opt/airflow/dags/retail_pipeline.py
[2026-06-09T05:15:28.684+0000] {logging_mixin.py:188} INFO - [2026-06-09T05:15:28.683+0000] {dag.py:3096} INFO - Sync 1 DAGs
[2026-06-09T05:15:28.717+0000] {logging_mixin.py:188} INFO - [2026-06-09T05:15:28.717+0000] {dag.py:3954} INFO - Setting next_dagrun for retail_anomaly_pipeline to 2026-06-07 06:00:00+00:00, run_after=2026-06-08 06:00:00+00:00
[2026-06-09T05:15:28.752+0000] {processor.py:183} INFO - Processing /opt/airflow/dags/retail_pipeline.py took 3.304 seconds
[2026-06-09T05:15:59.386+0000] {processor.py:161} INFO - Started process (PID=274) to work on /opt/airflow/dags/retail_pipeline.py
[2026-06-09T05:15:59.391+0000] {processor.py:830} INFO - Processing file /opt/airflow/dags/retail_pipeline.py for tasks to queue
[2026-06-09T05:15:59.408+0000] {logging_mixin.py:188} INFO - [2026-06-09T05:15:59.404+0000] {dagbag.py:545} INFO - Filling up the DagBag from /opt/airflow/dags/retail_pipeline.py
[2026-06-09T05:16:03.620+0000] {processor.py:840} INFO - DAG(s) 'retail_anomaly_pipeline' retrieved from /opt/airflow/dags/retail_pipeline.py
[2026-06-09T05:16:03.694+0000] {logging_mixin.py:188} INFO - [2026-06-09T05:16:03.693+0000] {dag.py:3096} INFO - Sync 1 DAGs
[2026-06-09T05:16:03.737+0000] {logging_mixin.py:188} INFO - [2026-06-09T05:16:03.736+0000] {dag.py:3954} INFO - Setting next_dagrun for retail_anomaly_pipeline to 2026-06-07 06:00:00+00:00, run_after=2026-06-08 06:00:00+00:00
[2026-06-09T05:16:03.775+0000] {processor.py:183} INFO - Processing /opt/airflow/dags/retail_pipeline.py took 4.418 seconds
[2026-06-09T05:16:35.636+0000] {processor.py:161} INFO - Started process (PID=281) to work on /opt/airflow/dags/retail_pipeline.py
[2026-06-09T05:16:35.693+0000] {processor.py:830} INFO - Processing file /opt/airflow/dags/retail_pipeline.py for tasks to queue
[2026-06-09T05:16:35.762+0000] {logging_mixin.py:188} INFO - [2026-06-09T05:16:35.752+0000] {dagbag.py:545} INFO - Filling up the DagBag from /opt/airflow/dags/retail_pipeline.py
[2026-06-09T05:16:46.758+0000] {processor.py:840} INFO - DAG(s) 'retail_anomaly_pipeline' retrieved from /opt/airflow/dags/retail_pipeline.py
[2026-06-09T05:16:46.886+0000] {logging_mixin.py:188} INFO - [2026-06-09T05:16:46.885+0000] {dag.py:3096} INFO - Sync 1 DAGs
[2026-06-09T05:16:46.942+0000] {logging_mixin.py:188} INFO - [2026-06-09T05:16:46.941+0000] {dag.py:3954} INFO - Setting next_dagrun for retail_anomaly_pipeline to 2026-06-07 06:00:00+00:00, run_after=2026-06-08 06:00:00+00:00
[2026-06-09T05:16:46.988+0000] {processor.py:183} INFO - Processing /opt/airflow/dags/retail_pipeline.py took 11.540 seconds
[2026-06-09T05:17:17.515+0000] {processor.py:161} INFO - Started process (PID=288) to work on /opt/airflow/dags/retail_pipeline.py
[2026-06-09T05:17:17.518+0000] {processor.py:830} INFO - Processing file /opt/airflow/dags/retail_pipeline.py for tasks to queue
[2026-06-09T05:17:17.532+0000] {logging_mixin.py:188} INFO - [2026-06-09T05:17:17.529+0000] {dagbag.py:545} INFO - Filling up the DagBag from /opt/airflow/dags/retail_pipeline.py
[2026-06-09T05:17:26.520+0000] {processor.py:840} INFO - DAG(s) 'retail_anomaly_pipeline' retrieved from /opt/airflow/dags/retail_pipeline.py
[2026-06-09T05:17:26.644+0000] {logging_mixin.py:188} INFO - [2026-06-09T05:17:26.643+0000] {dag.py:3096} INFO - Sync 1 DAGs
[2026-06-09T05:17:26.709+0000] {logging_mixin.py:188} INFO - [2026-06-09T05:17:26.708+0000] {dag.py:3954} INFO - Setting next_dagrun for retail_anomaly_pipeline to 2026-06-07 06:00:00+00:00, run_after=2026-06-08 06:00:00+00:00
[2026-06-09T05:17:26.766+0000] {processor.py:183} INFO - Processing /opt/airflow/dags/retail_pipeline.py took 9.287 seconds
[2026-06-09T05:17:57.195+0000] {processor.py:161} INFO - Started process (PID=295) to work on /opt/airflow/dags/retail_pipeline.py
[2026-06-09T05:17:57.198+0000] {processor.py:830} INFO - Processing file /opt/airflow/dags/retail_pipeline.py for tasks to queue
[2026-06-09T05:17:57.213+0000] {logging_mixin.py:188} INFO - [2026-06-09T05:17:57.211+0000] {dagbag.py:545} INFO - Filling up the DagBag from /opt/airflow/dags/retail_pipeline.py
[2026-06-09T05:18:00.612+0000] {processor.py:840} INFO - DAG(s) 'retail_anomaly_pipeline' retrieved from /opt/airflow/dags/retail_pipeline.py
[2026-06-09T05:18:00.654+0000] {logging_mixin.py:188} INFO - [2026-06-09T05:18:00.653+0000] {dag.py:3096} INFO - Sync 1 DAGs
[2026-06-09T05:18:00.683+0000] {logging_mixin.py:188} INFO - [2026-06-09T05:18:00.683+0000] {dag.py:3954} INFO - Setting next_dagrun for retail_anomaly_pipeline to 2026-06-07 06:00:00+00:00, run_after=2026-06-08 06:00:00+00:00
[2026-06-09T05:18:00.713+0000] {processor.py:183} INFO - Processing /opt/airflow/dags/retail_pipeline.py took 3.548 seconds
[2026-06-09T05:18:31.025+0000] {processor.py:161} INFO - Started process (PID=302) to work on /opt/airflow/dags/retail_pipeline.py
[2026-06-09T05:18:31.027+0000] {processor.py:830} INFO - Processing file /opt/airflow/dags/retail_pipeline.py for tasks to queue
[2026-06-09T05:18:31.031+0000] {logging_mixin.py:188} INFO - [2026-06-09T05:18:31.030+0000] {dagbag.py:545} INFO - Filling up the DagBag from /opt/airflow/dags/retail_pipeline.py
[2026-06-09T05:18:34.316+0000] {processor.py:840} INFO - DAG(s) 'retail_anomaly_pipeline' retrieved from /opt/airflow/dags/retail_pipeline.py
[2026-06-09T05:18:34.362+0000] {logging_mixin.py:188} INFO - [2026-06-09T05:18:34.362+0000] {dag.py:3096} INFO - Sync 1 DAGs
[2026-06-09T05:18:34.393+0000] {logging_mixin.py:188} INFO - [2026-06-09T05:18:34.393+0000] {dag.py:3954} INFO - Setting next_dagrun for retail_anomaly_pipeline to 2026-06-07 06:00:00+00:00, run_after=2026-06-08 06:00:00+00:00
[2026-06-09T05:18:34.427+0000] {processor.py:183} INFO - Processing /opt/airflow/dags/retail_pipeline.py took 3.411 seconds
[2026-06-09T05:19:04.781+0000] {processor.py:161} INFO - Started process (PID=309) to work on /opt/airflow/dags/retail_pipeline.py
[2026-06-09T05:19:04.786+0000] {processor.py:830} INFO - Processing file /opt/airflow/dags/retail_pipeline.py for tasks to queue
[2026-06-09T05:19:04.793+0000] {logging_mixin.py:188} INFO - [2026-06-09T05:19:04.791+0000] {dagbag.py:545} INFO - Filling up the DagBag from /opt/airflow/dags/retail_pipeline.py
[2026-06-09T05:19:09.328+0000] {processor.py:840} INFO - DAG(s) 'retail_anomaly_pipeline' retrieved from /opt/airflow/dags/retail_pipeline.py
[2026-06-09T05:19:09.413+0000] {logging_mixin.py:188} INFO - [2026-06-09T05:19:09.412+0000] {dag.py:3096} INFO - Sync 1 DAGs
[2026-06-09T05:19:09.473+0000] {logging_mixin.py:188} INFO - [2026-06-09T05:19:09.473+0000] {dag.py:3954} INFO - Setting next_dagrun for retail_anomaly_pipeline to 2026-06-07 06:00:00+00:00, run_after=2026-06-08 06:00:00+00:00
[2026-06-09T05:19:09.518+0000] {processor.py:183} INFO - Processing /opt/airflow/dags/retail_pipeline.py took 4.766 seconds
[2026-06-09T05:19:40.397+0000] {processor.py:161} INFO - Started process (PID=316) to work on /opt/airflow/dags/retail_pipeline.py
[2026-06-09T05:19:40.437+0000] {processor.py:830} INFO - Processing file /opt/airflow/dags/retail_pipeline.py for tasks to queue
[2026-06-09T05:19:40.512+0000] {logging_mixin.py:188} INFO - [2026-06-09T05:19:40.506+0000] {dagbag.py:545} INFO - Filling up the DagBag from /opt/airflow/dags/retail_pipeline.py
[2026-06-09T05:19:55.991+0000] {processor.py:840} INFO - DAG(s) 'retail_anomaly_pipeline' retrieved from /opt/airflow/dags/retail_pipeline.py
[2026-06-09T05:19:56.314+0000] {logging_mixin.py:188} INFO - [2026-06-09T05:19:56.313+0000] {dag.py:3096} INFO - Sync 1 DAGs
[2026-06-09T05:19:56.462+0000] {logging_mixin.py:188} INFO - [2026-06-09T05:19:56.462+0000] {dag.py:3954} INFO - Setting next_dagrun for retail_anomaly_pipeline to 2026-06-07 06:00:00+00:00, run_after=2026-06-08 06:00:00+00:00
[2026-06-09T05:19:56.920+0000] {processor.py:183} INFO - Processing /opt/airflow/dags/retail_pipeline.py took 16.644 seconds
[2026-06-09T05:20:31.021+0000] {processor.py:161} INFO - Started process (PID=323) to work on /opt/airflow/dags/retail_pipeline.py
[2026-06-09T05:20:31.119+0000] {processor.py:830} INFO - Processing file /opt/airflow/dags/retail_pipeline.py for tasks to queue
[2026-06-09T05:20:31.256+0000] {logging_mixin.py:188} INFO - [2026-06-09T05:20:31.223+0000] {dagbag.py:545} INFO - Filling up the DagBag from /opt/airflow/dags/retail_pipeline.py
[2026-06-09T05:20:50.012+0000] {processor.py:840} INFO - DAG(s) 'retail_anomaly_pipeline' retrieved from /opt/airflow/dags/retail_pipeline.py
[2026-06-09T05:20:51.281+0000] {logging_mixin.py:188} INFO - [2026-06-09T05:20:51.278+0000] {dag.py:3096} INFO - Sync 1 DAGs
[2026-06-09T05:20:51.453+0000] {logging_mixin.py:188} INFO - [2026-06-09T05:20:51.453+0000] {dag.py:3954} INFO - Setting next_dagrun for retail_anomaly_pipeline to 2026-06-07 06:00:00+00:00, run_after=2026-06-08 06:00:00+00:00
[2026-06-09T05:20:51.603+0000] {processor.py:183} INFO - Processing /opt/airflow/dags/retail_pipeline.py took 21.069 seconds
[2026-06-09T05:21:33.131+0000] {processor.py:161} INFO - Started process (PID=330) to work on /opt/airflow/dags/retail_pipeline.py
[2026-06-09T05:21:33.274+0000] {processor.py:830} INFO - Processing file /opt/airflow/dags/retail_pipeline.py for tasks to queue
[2026-06-09T05:21:34.737+0000] {logging_mixin.py:188} INFO - [2026-06-09T05:21:34.668+0000] {dagbag.py:545} INFO - Filling up the DagBag from /opt/airflow/dags/retail_pipeline.py
[2026-06-09T05:21:50.618+0000] {processor.py:840} INFO - DAG(s) 'retail_anomaly_pipeline' retrieved from /opt/airflow/dags/retail_pipeline.py
[2026-06-09T05:21:50.762+0000] {logging_mixin.py:188} INFO - [2026-06-09T05:21:50.761+0000] {dag.py:3096} INFO - Sync 1 DAGs
[2026-06-09T05:21:50.827+0000] {logging_mixin.py:188} INFO - [2026-06-09T05:21:50.826+0000] {dag.py:3954} INFO - Setting next_dagrun for retail_anomaly_pipeline to 2026-06-07 06:00:00+00:00, run_after=2026-06-08 06:00:00+00:00
[2026-06-09T05:21:50.877+0000] {processor.py:183} INFO - Processing /opt/airflow/dags/retail_pipeline.py took 19.653 seconds
[2026-06-09T05:22:21.381+0000] {processor.py:161} INFO - Started process (PID=337) to work on /opt/airflow/dags/retail_pipeline.py
[2026-06-09T05:22:21.385+0000] {processor.py:830} INFO - Processing file /opt/airflow/dags/retail_pipeline.py for tasks to queue
[2026-06-09T05:22:21.399+0000] {logging_mixin.py:188} INFO - [2026-06-09T05:22:21.397+0000] {dagbag.py:545} INFO - Filling up the DagBag from /opt/airflow/dags/retail_pipeline.py
[2026-06-09T05:22:26.777+0000] {processor.py:840} INFO - DAG(s) 'retail_anomaly_pipeline' retrieved from /opt/airflow/dags/retail_pipeline.py
[2026-06-09T05:22:26.877+0000] {logging_mixin.py:188} INFO - [2026-06-09T05:22:26.876+0000] {dag.py:3096} INFO - Sync 1 DAGs
[2026-06-09T05:22:26.936+0000] {logging_mixin.py:188} INFO - [2026-06-09T05:22:26.935+0000] {dag.py:3954} INFO - Setting next_dagrun for retail_anomaly_pipeline to 2026-06-07 06:00:00+00:00, run_after=2026-06-08 06:00:00+00:00
[2026-06-09T05:22:26.981+0000] {processor.py:183} INFO - Processing /opt/airflow/dags/retail_pipeline.py took 5.644 seconds
[2026-06-09T05:22:57.300+0000] {processor.py:161} INFO - Started process (PID=344) to work on /opt/airflow/dags/retail_pipeline.py
[2026-06-09T05:22:57.301+0000] {processor.py:830} INFO - Processing file /opt/airflow/dags/retail_pipeline.py for tasks to queue
[2026-06-09T05:22:57.304+0000] {logging_mixin.py:188} INFO - [2026-06-09T05:22:57.304+0000] {dagbag.py:545} INFO - Filling up the DagBag from /opt/airflow/dags/retail_pipeline.py
[2026-06-09T05:23:00.627+0000] {processor.py:840} INFO - DAG(s) 'retail_anomaly_pipeline' retrieved from /opt/airflow/dags/retail_pipeline.py
[2026-06-09T05:23:00.671+0000] {logging_mixin.py:188} INFO - [2026-06-09T05:23:00.671+0000] {dag.py:3096} INFO - Sync 1 DAGs
[2026-06-09T05:23:00.703+0000] {logging_mixin.py:188} INFO - [2026-06-09T05:23:00.703+0000] {dag.py:3954} INFO - Setting next_dagrun for retail_anomaly_pipeline to 2026-06-07 06:00:00+00:00, run_after=2026-06-08 06:00:00+00:00
[2026-06-09T05:23:00.732+0000] {processor.py:183} INFO - Processing /opt/airflow/dags/retail_pipeline.py took 3.441 seconds
[2026-06-09T05:23:34.023+0000] {processor.py:161} INFO - Started process (PID=351) to work on /opt/airflow/dags/retail_pipeline.py
[2026-06-09T05:23:34.058+0000] {processor.py:830} INFO - Processing file /opt/airflow/dags/retail_pipeline.py for tasks to queue
[2026-06-09T05:23:34.154+0000] {logging_mixin.py:188} INFO - [2026-06-09T05:23:34.134+0000] {dagbag.py:545} INFO - Filling up the DagBag from /opt/airflow/dags/retail_pipeline.py
[2026-06-09T05:23:50.711+0000] {processor.py:840} INFO - DAG(s) 'retail_anomaly_pipeline' retrieved from /opt/airflow/dags/retail_pipeline.py
[2026-06-09T05:23:51.008+0000] {logging_mixin.py:188} INFO - [2026-06-09T05:23:51.005+0000] {dag.py:3096} INFO - Sync 1 DAGs
[2026-06-09T05:23:51.113+0000] {logging_mixin.py:188} INFO - [2026-06-09T05:23:51.112+0000] {dag.py:3954} INFO - Setting next_dagrun for retail_anomaly_pipeline to 2026-06-07 06:00:00+00:00, run_after=2026-06-08 06:00:00+00:00
[2026-06-09T05:23:51.216+0000] {processor.py:183} INFO - Processing /opt/airflow/dags/retail_pipeline.py took 17.671 seconds
[2026-06-09T05:24:22.425+0000] {processor.py:161} INFO - Started process (PID=358) to work on /opt/airflow/dags/retail_pipeline.py
[2026-06-09T05:24:22.439+0000] {processor.py:830} INFO - Processing file /opt/airflow/dags/retail_pipeline.py for tasks to queue
[2026-06-09T05:24:22.501+0000] {logging_mixin.py:188} INFO - [2026-06-09T05:24:22.488+0000] {dagbag.py:545} INFO - Filling up the DagBag from /opt/airflow/dags/retail_pipeline.py
[2026-06-09T05:24:33.756+0000] {processor.py:840} INFO - DAG(s) 'retail_anomaly_pipeline' retrieved from /opt/airflow/dags/retail_pipeline.py
[2026-06-09T05:24:33.953+0000] {logging_mixin.py:188} INFO - [2026-06-09T05:24:33.949+0000] {dag.py:3096} INFO - Sync 1 DAGs
[2026-06-09T05:24:34.054+0000] {logging_mixin.py:188} INFO - [2026-06-09T05:24:34.054+0000] {dag.py:3954} INFO - Setting next_dagrun for retail_anomaly_pipeline to 2026-06-07 06:00:00+00:00, run_after=2026-06-08 06:00:00+00:00
[2026-06-09T05:24:34.124+0000] {processor.py:183} INFO - Processing /opt/airflow/dags/retail_pipeline.py took 11.864 seconds
[2026-06-09T05:25:05.769+0000] {processor.py:161} INFO - Started process (PID=365) to work on /opt/airflow/dags/retail_pipeline.py
[2026-06-09T05:25:05.811+0000] {processor.py:830} INFO - Processing file /opt/airflow/dags/retail_pipeline.py for tasks to queue
[2026-06-09T05:25:06.030+0000] {logging_mixin.py:188} INFO - [2026-06-09T05:25:05.993+0000] {dagbag.py:545} INFO - Filling up the DagBag from /opt/airflow/dags/retail_pipeline.py
[2026-06-09T05:25:19.163+0000] {processor.py:840} INFO - DAG(s) 'retail_anomaly_pipeline' retrieved from /opt/airflow/dags/retail_pipeline.py
[2026-06-09T05:25:19.342+0000] {logging_mixin.py:188} INFO - [2026-06-09T05:25:19.340+0000] {dag.py:3096} INFO - Sync 1 DAGs
[2026-06-09T05:25:19.410+0000] {logging_mixin.py:188} INFO - [2026-06-09T05:25:19.409+0000] {dag.py:3954} INFO - Setting next_dagrun for retail_anomaly_pipeline to 2026-06-07 06:00:00+00:00, run_after=2026-06-08 06:00:00+00:00
[2026-06-09T05:25:19.470+0000] {processor.py:183} INFO - Processing /opt/airflow/dags/retail_pipeline.py took 14.266 seconds
[2026-06-09T05:25:50.183+0000] {processor.py:161} INFO - Started process (PID=372) to work on /opt/airflow/dags/retail_pipeline.py
[2026-06-09T05:25:50.191+0000] {processor.py:830} INFO - Processing file /opt/airflow/dags/retail_pipeline.py for tasks to queue
[2026-06-09T05:25:50.224+0000] {logging_mixin.py:188} INFO - [2026-06-09T05:25:50.217+0000] {dagbag.py:545} INFO - Filling up the DagBag from /opt/airflow/dags/retail_pipeline.py
[2026-06-09T05:25:58.670+0000] {processor.py:840} INFO - DAG(s) 'retail_anomaly_pipeline' retrieved from /opt/airflow/dags/retail_pipeline.py
[2026-06-09T05:25:58.891+0000] {logging_mixin.py:188} INFO - [2026-06-09T05:25:58.890+0000] {dag.py:3096} INFO - Sync 1 DAGs
[2026-06-09T05:25:59.040+0000] {logging_mixin.py:188} INFO - [2026-06-09T05:25:59.039+0000] {dag.py:3954} INFO - Setting next_dagrun for retail_anomaly_pipeline to 2026-06-07 06:00:00+00:00, run_after=2026-06-08 06:00:00+00:00
[2026-06-09T05:25:59.127+0000] {processor.py:183} INFO - Processing /opt/airflow/dags/retail_pipeline.py took 9.020 seconds
[2026-06-09T05:26:31.358+0000] {processor.py:161} INFO - Started process (PID=379) to work on /opt/airflow/dags/retail_pipeline.py
[2026-06-09T05:26:31.380+0000] {processor.py:830} INFO - Processing file /opt/airflow/dags/retail_pipeline.py for tasks to queue
[2026-06-09T05:26:31.469+0000] {logging_mixin.py:188} INFO - [2026-06-09T05:26:31.454+0000] {dagbag.py:545} INFO - Filling up the DagBag from /opt/airflow/dags/retail_pipeline.py
[2026-06-09T05:26:45.186+0000] {processor.py:840} INFO - DAG(s) 'retail_anomaly_pipeline' retrieved from /opt/airflow/dags/retail_pipeline.py
[2026-06-09T05:26:45.519+0000] {logging_mixin.py:188} INFO - [2026-06-09T05:26:45.513+0000] {dag.py:3096} INFO - Sync 1 DAGs
[2026-06-09T05:26:45.741+0000] {logging_mixin.py:188} INFO - [2026-06-09T05:26:45.741+0000] {dag.py:3954} INFO - Setting next_dagrun for retail_anomaly_pipeline to 2026-06-07 06:00:00+00:00, run_after=2026-06-08 06:00:00+00:00
[2026-06-09T05:26:45.808+0000] {processor.py:183} INFO - Processing /opt/airflow/dags/retail_pipeline.py took 14.715 seconds
[2026-06-09T05:27:18.461+0000] {processor.py:161} INFO - Started process (PID=386) to work on /opt/airflow/dags/retail_pipeline.py
[2026-06-09T05:27:18.555+0000] {processor.py:830} INFO - Processing file /opt/airflow/dags/retail_pipeline.py for tasks to queue
[2026-06-09T05:27:18.675+0000] {logging_mixin.py:188} INFO - [2026-06-09T05:27:18.659+0000] {dagbag.py:545} INFO - Filling up the DagBag from /opt/airflow/dags/retail_pipeline.py
[2026-06-09T05:27:30.613+0000] {processor.py:840} INFO - DAG(s) 'retail_anomaly_pipeline' retrieved from /opt/airflow/dags/retail_pipeline.py
[2026-06-09T05:27:30.994+0000] {logging_mixin.py:188} INFO - [2026-06-09T05:27:30.993+0000] {dag.py:3096} INFO - Sync 1 DAGs
[2026-06-09T05:27:31.060+0000] {logging_mixin.py:188} INFO - [2026-06-09T05:27:31.059+0000] {dag.py:3954} INFO - Setting next_dagrun for retail_anomaly_pipeline to 2026-06-07 06:00:00+00:00, run_after=2026-06-08 06:00:00+00:00
[2026-06-09T05:27:31.112+0000] {processor.py:183} INFO - Processing /opt/airflow/dags/retail_pipeline.py took 13.026 seconds
[2026-06-09T05:28:01.498+0000] {processor.py:161} INFO - Started process (PID=393) to work on /opt/airflow/dags/retail_pipeline.py
[2026-06-09T05:28:01.502+0000] {processor.py:830} INFO - Processing file /opt/airflow/dags/retail_pipeline.py for tasks to queue
[2026-06-09T05:28:01.530+0000] {logging_mixin.py:188} INFO - [2026-06-09T05:28:01.525+0000] {dagbag.py:545} INFO - Filling up the DagBag from /opt/airflow/dags/retail_pipeline.py
[2026-06-09T05:28:07.775+0000] {processor.py:840} INFO - DAG(s) 'retail_anomaly_pipeline' retrieved from /opt/airflow/dags/retail_pipeline.py
[2026-06-09T05:28:07.831+0000] {logging_mixin.py:188} INFO - [2026-06-09T05:28:07.831+0000] {dag.py:3096} INFO - Sync 1 DAGs
[2026-06-09T05:28:07.868+0000] {logging_mixin.py:188} INFO - [2026-06-09T05:28:07.868+0000] {dag.py:3954} INFO - Setting next_dagrun for retail_anomaly_pipeline to 2026-06-07 06:00:00+00:00, run_after=2026-06-08 06:00:00+00:00
[2026-06-09T05:28:07.904+0000] {processor.py:183} INFO - Processing /opt/airflow/dags/retail_pipeline.py took 6.473 seconds
[2026-06-09T05:28:38.248+0000] {processor.py:161} INFO - Started process (PID=400) to work on /opt/airflow/dags/retail_pipeline.py
[2026-06-09T05:28:38.251+0000] {processor.py:830} INFO - Processing file /opt/airflow/dags/retail_pipeline.py for tasks to queue
[2026-06-09T05:28:38.266+0000] {logging_mixin.py:188} INFO - [2026-06-09T05:28:38.263+0000] {dagbag.py:545} INFO - Filling up the DagBag from /opt/airflow/dags/retail_pipeline.py
[2026-06-09T05:28:43.578+0000] {processor.py:840} INFO - DAG(s) 'retail_anomaly_pipeline' retrieved from /opt/airflow/dags/retail_pipeline.py
[2026-06-09T05:28:43.677+0000] {logging_mixin.py:188} INFO - [2026-06-09T05:28:43.677+0000] {dag.py:3096} INFO - Sync 1 DAGs
[2026-06-09T05:28:43.718+0000] {logging_mixin.py:188} INFO - [2026-06-09T05:28:43.718+0000] {dag.py:3954} INFO - Setting next_dagrun for retail_anomaly_pipeline to 2026-06-07 06:00:00+00:00, run_after=2026-06-08 06:00:00+00:00
[2026-06-09T05:28:43.755+0000] {processor.py:183} INFO - Processing /opt/airflow/dags/retail_pipeline.py took 5.610 seconds
[2026-06-09T05:29:14.280+0000] {processor.py:161} INFO - Started process (PID=407) to work on /opt/airflow/dags/retail_pipeline.py
[2026-06-09T05:29:14.294+0000] {processor.py:830} INFO - Processing file /opt/airflow/dags/retail_pipeline.py for tasks to queue
[2026-06-09T05:29:14.328+0000] {logging_mixin.py:188} INFO - [2026-06-09T05:29:14.320+0000] {dagbag.py:545} INFO - Filling up the DagBag from /opt/airflow/dags/retail_pipeline.py
[2026-06-09T05:29:21.460+0000] {processor.py:840} INFO - DAG(s) 'retail_anomaly_pipeline' retrieved from /opt/airflow/dags/retail_pipeline.py
[2026-06-09T05:29:21.577+0000] {logging_mixin.py:188} INFO - [2026-06-09T05:29:21.576+0000] {dag.py:3096} INFO - Sync 1 DAGs
[2026-06-09T05:29:21.624+0000] {logging_mixin.py:188} INFO - [2026-06-09T05:29:21.624+0000] {dag.py:3954} INFO - Setting next_dagrun for retail_anomaly_pipeline to 2026-06-07 06:00:00+00:00, run_after=2026-06-08 06:00:00+00:00
[2026-06-09T05:29:21.667+0000] {processor.py:183} INFO - Processing /opt/airflow/dags/retail_pipeline.py took 7.472 seconds
[2026-06-09T05:29:52.121+0000] {processor.py:161} INFO - Started process (PID=414) to work on /opt/airflow/dags/retail_pipeline.py
[2026-06-09T05:29:52.128+0000] {processor.py:830} INFO - Processing file /opt/airflow/dags/retail_pipeline.py for tasks to queue
[2026-06-09T05:29:52.144+0000] {logging_mixin.py:188} INFO - [2026-06-09T05:29:52.141+0000] {dagbag.py:545} INFO - Filling up the DagBag from /opt/airflow/dags/retail_pipeline.py
[2026-06-09T05:29:58.368+0000] {processor.py:840} INFO - DAG(s) 'retail_anomaly_pipeline' retrieved from /opt/airflow/dags/retail_pipeline.py
[2026-06-09T05:29:58.543+0000] {logging_mixin.py:188} INFO - [2026-06-09T05:29:58.542+0000] {dag.py:3096} INFO - Sync 1 DAGs
[2026-06-09T05:29:58.594+0000] {logging_mixin.py:188} INFO - [2026-06-09T05:29:58.593+0000] {dag.py:3954} INFO - Setting next_dagrun for retail_anomaly_pipeline to 2026-06-07 06:00:00+00:00, run_after=2026-06-08 06:00:00+00:00
[2026-06-09T05:29:58.636+0000] {processor.py:183} INFO - Processing /opt/airflow/dags/retail_pipeline.py took 6.552 seconds
[2026-06-09T05:30:29.085+0000] {processor.py:161} INFO - Started process (PID=421) to work on /opt/airflow/dags/retail_pipeline.py
[2026-06-09T05:30:29.089+0000] {processor.py:830} INFO - Processing file /opt/airflow/dags/retail_pipeline.py for tasks to queue
[2026-06-09T05:30:29.104+0000] {logging_mixin.py:188} INFO - [2026-06-09T05:30:29.101+0000] {dagbag.py:545} INFO - Filling up the DagBag from /opt/airflow/dags/retail_pipeline.py
[2026-06-09T05:30:33.075+0000] {processor.py:840} INFO - DAG(s) 'retail_anomaly_pipeline' retrieved from /opt/airflow/dags/retail_pipeline.py
[2026-06-09T05:30:33.128+0000] {logging_mixin.py:188} INFO - [2026-06-09T05:30:33.128+0000] {dag.py:3096} INFO - Sync 1 DAGs
[2026-06-09T05:30:33.158+0000] {logging_mixin.py:188} INFO - [2026-06-09T05:30:33.158+0000] {dag.py:3954} INFO - Setting next_dagrun for retail_anomaly_pipeline to 2026-06-07 06:00:00+00:00, run_after=2026-06-08 06:00:00+00:00
[2026-06-09T05:30:33.187+0000] {processor.py:183} INFO - Processing /opt/airflow/dags/retail_pipeline.py took 4.127 seconds
[2026-06-09T05:31:03.543+0000] {processor.py:161} INFO - Started process (PID=428) to work on /opt/airflow/dags/retail_pipeline.py
[2026-06-09T05:31:03.545+0000] {processor.py:830} INFO - Processing file /opt/airflow/dags/retail_pipeline.py for tasks to queue
[2026-06-09T05:31:03.548+0000] {logging_mixin.py:188} INFO - [2026-06-09T05:31:03.548+0000] {dagbag.py:545} INFO - Filling up the DagBag from /opt/airflow/dags/retail_pipeline.py
[2026-06-09T05:31:06.302+0000] {processor.py:840} INFO - DAG(s) 'retail_anomaly_pipeline' retrieved from /opt/airflow/dags/retail_pipeline.py
[2026-06-09T05:31:06.339+0000] {logging_mixin.py:188} INFO - [2026-06-09T05:31:06.338+0000] {dag.py:3096} INFO - Sync 1 DAGs
[2026-06-09T05:31:06.367+0000] {logging_mixin.py:188} INFO - [2026-06-09T05:31:06.367+0000] {dag.py:3954} INFO - Setting next_dagrun for retail_anomaly_pipeline to 2026-06-07 06:00:00+00:00, run_after=2026-06-08 06:00:00+00:00
[2026-06-09T05:31:06.417+0000] {processor.py:183} INFO - Processing /opt/airflow/dags/retail_pipeline.py took 2.882 seconds
[2026-06-09T05:31:36.922+0000] {processor.py:161} INFO - Started process (PID=435) to work on /opt/airflow/dags/retail_pipeline.py
[2026-06-09T05:31:36.924+0000] {processor.py:830} INFO - Processing file /opt/airflow/dags/retail_pipeline.py for tasks to queue
[2026-06-09T05:31:36.928+0000] {logging_mixin.py:188} INFO - [2026-06-09T05:31:36.927+0000] {dagbag.py:545} INFO - Filling up the DagBag from /opt/airflow/dags/retail_pipeline.py
[2026-06-09T05:31:39.308+0000] {processor.py:840} INFO - DAG(s) 'retail_anomaly_pipeline' retrieved from /opt/airflow/dags/retail_pipeline.py
[2026-06-09T05:31:39.347+0000] {logging_mixin.py:188} INFO - [2026-06-09T05:31:39.347+0000] {dag.py:3096} INFO - Sync 1 DAGs
[2026-06-09T05:31:39.379+0000] {logging_mixin.py:188} INFO - [2026-06-09T05:31:39.379+0000] {dag.py:3954} INFO - Setting next_dagrun for retail_anomaly_pipeline to 2026-06-07 06:00:00+00:00, run_after=2026-06-08 06:00:00+00:00
[2026-06-09T05:31:39.404+0000] {processor.py:183} INFO - Processing /opt/airflow/dags/retail_pipeline.py took 2.491 seconds
[2026-06-09T05:32:09.727+0000] {processor.py:161} INFO - Started process (PID=442) to work on /opt/airflow/dags/retail_pipeline.py
[2026-06-09T05:32:09.729+0000] {processor.py:830} INFO - Processing file /opt/airflow/dags/retail_pipeline.py for tasks to queue
[2026-06-09T05:32:09.733+0000] {logging_mixin.py:188} INFO - [2026-06-09T05:32:09.732+0000] {dagbag.py:545} INFO - Filling up the DagBag from /opt/airflow/dags/retail_pipeline.py
[2026-06-09T05:32:11.826+0000] {processor.py:840} INFO - DAG(s) 'retail_anomaly_pipeline' retrieved from /opt/airflow/dags/retail_pipeline.py
[2026-06-09T05:32:11.858+0000] {logging_mixin.py:188} INFO - [2026-06-09T05:32:11.858+0000] {dag.py:3096} INFO - Sync 1 DAGs
[2026-06-09T05:32:11.887+0000] {logging_mixin.py:188} INFO - [2026-06-09T05:32:11.886+0000] {dag.py:3954} INFO - Setting next_dagrun for retail_anomaly_pipeline to 2026-06-07 06:00:00+00:00, run_after=2026-06-08 06:00:00+00:00
[2026-06-09T05:32:11.911+0000] {processor.py:183} INFO - Processing /opt/airflow/dags/retail_pipeline.py took 2.238 seconds
[2026-06-09T05:32:42.197+0000] {processor.py:161} INFO - Started process (PID=449) to work on /opt/airflow/dags/retail_pipeline.py
[2026-06-09T05:32:42.199+0000] {processor.py:830} INFO - Processing file /opt/airflow/dags/retail_pipeline.py for tasks to queue
[2026-06-09T05:32:42.201+0000] {logging_mixin.py:188} INFO - [2026-06-09T05:32:42.201+0000] {dagbag.py:545} INFO - Filling up the DagBag from /opt/airflow/dags/retail_pipeline.py
[2026-06-09T05:32:44.655+0000] {processor.py:840} INFO - DAG(s) 'retail_anomaly_pipeline' retrieved from /opt/airflow/dags/retail_pipeline.py
[2026-06-09T05:32:44.695+0000] {logging_mixin.py:188} INFO - [2026-06-09T05:32:44.694+0000] {dag.py:3096} INFO - Sync 1 DAGs
[2026-06-09T05:32:44.722+0000] {logging_mixin.py:188} INFO - [2026-06-09T05:32:44.722+0000] {dag.py:3954} INFO - Setting next_dagrun for retail_anomaly_pipeline to 2026-06-07 06:00:00+00:00, run_after=2026-06-08 06:00:00+00:00
[2026-06-09T05:32:44.748+0000] {processor.py:183} INFO - Processing /opt/airflow/dags/retail_pipeline.py took 2.559 seconds
[2026-06-09T05:33:15.093+0000] {processor.py:161} INFO - Started process (PID=456) to work on /opt/airflow/dags/retail_pipeline.py
[2026-06-09T05:33:15.095+0000] {processor.py:830} INFO - Processing file /opt/airflow/dags/retail_pipeline.py for tasks to queue
[2026-06-09T05:33:15.101+0000] {logging_mixin.py:188} INFO - [2026-06-09T05:33:15.100+0000] {dagbag.py:545} INFO - Filling up the DagBag from /opt/airflow/dags/retail_pipeline.py
[2026-06-09T05:33:17.580+0000] {processor.py:840} INFO - DAG(s) 'retail_anomaly_pipeline' retrieved from /opt/airflow/dags/retail_pipeline.py
[2026-06-09T05:33:17.615+0000] {logging_mixin.py:188} INFO - [2026-06-09T05:33:17.615+0000] {dag.py:3096} INFO - Sync 1 DAGs
[2026-06-09T05:33:17.639+0000] {logging_mixin.py:188} INFO - [2026-06-09T05:33:17.639+0000] {dag.py:3954} INFO - Setting next_dagrun for retail_anomaly_pipeline to 2026-06-07 06:00:00+00:00, run_after=2026-06-08 06:00:00+00:00
[2026-06-09T05:33:17.667+0000] {processor.py:183} INFO - Processing /opt/airflow/dags/retail_pipeline.py took 2.584 seconds
[2026-06-09T05:33:48.064+0000] {processor.py:161} INFO - Started process (PID=463) to work on /opt/airflow/dags/retail_pipeline.py
[2026-06-09T05:33:48.068+0000] {processor.py:830} INFO - Processing file /opt/airflow/dags/retail_pipeline.py for tasks to queue
[2026-06-09T05:33:48.084+0000] {logging_mixin.py:188} INFO - [2026-06-09T05:33:48.082+0000] {dagbag.py:545} INFO - Filling up the DagBag from /opt/airflow/dags/retail_pipeline.py
[2026-06-09T05:33:52.720+0000] {processor.py:840} INFO - DAG(s) 'retail_anomaly_pipeline' retrieved from /opt/airflow/dags/retail_pipeline.py
[2026-06-09T05:33:52.809+0000] {logging_mixin.py:188} INFO - [2026-06-09T05:33:52.808+0000] {dag.py:3096} INFO - Sync 1 DAGs
[2026-06-09T05:33:52.843+0000] {logging_mixin.py:188} INFO - [2026-06-09T05:33:52.843+0000] {dag.py:3954} INFO - Setting next_dagrun for retail_anomaly_pipeline to 2026-06-07 06:00:00+00:00, run_after=2026-06-08 06:00:00+00:00
[2026-06-09T05:33:52.874+0000] {processor.py:183} INFO - Processing /opt/airflow/dags/retail_pipeline.py took 4.860 seconds
[2026-06-09T05:34:23.029+0000] {processor.py:161} INFO - Started process (PID=470) to work on /opt/airflow/dags/retail_pipeline.py
[2026-06-09T05:34:23.031+0000] {processor.py:830} INFO - Processing file /opt/airflow/dags/retail_pipeline.py for tasks to queue
[2026-06-09T05:34:23.035+0000] {logging_mixin.py:188} INFO - [2026-06-09T05:34:23.034+0000] {dagbag.py:545} INFO - Filling up the DagBag from /opt/airflow/dags/retail_pipeline.py
[2026-06-09T05:34:25.483+0000] {processor.py:840} INFO - DAG(s) 'retail_anomaly_pipeline' retrieved from /opt/airflow/dags/retail_pipeline.py
[2026-06-09T05:34:25.515+0000] {logging_mixin.py:188} INFO - [2026-06-09T05:34:25.515+0000] {dag.py:3096} INFO - Sync 1 DAGs
[2026-06-09T05:34:25.539+0000] {logging_mixin.py:188} INFO - [2026-06-09T05:34:25.539+0000] {dag.py:3954} INFO - Setting next_dagrun for retail_anomaly_pipeline to 2026-06-07 06:00:00+00:00, run_after=2026-06-08 06:00:00+00:00
[2026-06-09T05:34:25.571+0000] {processor.py:183} INFO - Processing /opt/airflow/dags/retail_pipeline.py took 2.551 seconds
[2026-06-09T05:34:55.917+0000] {processor.py:161} INFO - Started process (PID=477) to work on /opt/airflow/dags/retail_pipeline.py
[2026-06-09T05:34:55.919+0000] {processor.py:830} INFO - Processing file /opt/airflow/dags/retail_pipeline.py for tasks to queue
[2026-06-09T05:34:55.923+0000] {logging_mixin.py:188} INFO - [2026-06-09T05:34:55.923+0000] {dagbag.py:545} INFO - Filling up the DagBag from /opt/airflow/dags/retail_pipeline.py
[2026-06-09T05:34:58.410+0000] {processor.py:840} INFO - DAG(s) 'retail_anomaly_pipeline' retrieved from /opt/airflow/dags/retail_pipeline.py
[2026-06-09T05:34:58.444+0000] {logging_mixin.py:188} INFO - [2026-06-09T05:34:58.443+0000] {dag.py:3096} INFO - Sync 1 DAGs
[2026-06-09T05:34:58.468+0000] {logging_mixin.py:188} INFO - [2026-06-09T05:34:58.468+0000] {dag.py:3954} INFO - Setting next_dagrun for retail_anomaly_pipeline to 2026-06-07 06:00:00+00:00, run_after=2026-06-08 06:00:00+00:00
[2026-06-09T05:34:58.492+0000] {processor.py:183} INFO - Processing /opt/airflow/dags/retail_pipeline.py took 2.584 seconds
[2026-06-09T05:35:28.740+0000] {processor.py:161} INFO - Started process (PID=484) to work on /opt/airflow/dags/retail_pipeline.py
[2026-06-09T05:35:28.742+0000] {processor.py:830} INFO - Processing file /opt/airflow/dags/retail_pipeline.py for tasks to queue
[2026-06-09T05:35:28.745+0000] {logging_mixin.py:188} INFO - [2026-06-09T05:35:28.744+0000] {dagbag.py:545} INFO - Filling up the DagBag from /opt/airflow/dags/retail_pipeline.py
[2026-06-09T05:35:31.025+0000] {processor.py:840} INFO - DAG(s) 'retail_anomaly_pipeline' retrieved from /opt/airflow/dags/retail_pipeline.py
[2026-06-09T05:35:31.123+0000] {logging_mixin.py:188} INFO - [2026-06-09T05:35:31.123+0000] {dag.py:3096} INFO - Sync 1 DAGs
[2026-06-09T05:35:31.151+0000] {logging_mixin.py:188} INFO - [2026-06-09T05:35:31.151+0000] {dag.py:3954} INFO - Setting next_dagrun for retail_anomaly_pipeline to 2026-06-07 06:00:00+00:00, run_after=2026-06-08 06:00:00+00:00
[2026-06-09T05:35:31.176+0000] {processor.py:183} INFO - Processing /opt/airflow/dags/retail_pipeline.py took 2.443 seconds
