[2026-06-08T11:54:18.341+0000] {local_task_job_runner.py:120} INFO - ::group::Pre task execution logs
[2026-06-08T11:54:18.383+0000] {taskinstance.py:2076} INFO - Dependencies all met for dep_context=non-requeueable deps ti=<TaskInstance: retail_anomaly_pipeline.transform_and_detect_anomalies scheduled__2026-06-07T06:00:00+00:00 [queued]>
[2026-06-08T11:54:18.393+0000] {taskinstance.py:2076} INFO - Dependencies all met for dep_context=requeueable deps ti=<TaskInstance: retail_anomaly_pipeline.transform_and_detect_anomalies scheduled__2026-06-07T06:00:00+00:00 [queued]>
[2026-06-08T11:54:18.394+0000] {taskinstance.py:2306} INFO - Starting attempt 1 of 2
[2026-06-08T11:54:18.411+0000] {taskinstance.py:2330} INFO - Executing <Task(PythonOperator): transform_and_detect_anomalies> on 2026-06-07 06:00:00+00:00
[2026-06-08T11:54:18.422+0000] {logging_mixin.py:188} WARNING - /home/***/.local/lib/python3.12/site-packages/***/task/task_runner/standard_task_runner.py:61 DeprecationWarning: This process (pid=265) is multi-threaded, use of fork() may lead to deadlocks in the child.
[2026-06-08T11:54:18.424+0000] {standard_task_runner.py:63} INFO - Started process 268 to run task
[2026-06-08T11:54:18.422+0000] {standard_task_runner.py:90} INFO - Running: ['***', 'tasks', 'run', 'retail_anomaly_pipeline', 'transform_and_detect_anomalies', 'scheduled__2026-06-07T06:00:00+00:00', '--job-id', '4', '--raw', '--subdir', 'DAGS_FOLDER/retail_pipeline.py', '--cfg-path', '/tmp/tmp6yd5we0c']
[2026-06-08T11:54:18.425+0000] {standard_task_runner.py:91} INFO - Job 4: Subtask transform_and_detect_anomalies
[2026-06-08T11:54:18.508+0000] {task_command.py:426} INFO - Running <TaskInstance: retail_anomaly_pipeline.transform_and_detect_anomalies scheduled__2026-06-07T06:00:00+00:00 [running]> on host eab91bc66d16
[2026-06-08T11:54:18.609+0000] {taskinstance.py:2648} INFO - Exporting env vars: AIRFLOW_CTX_DAG_OWNER='retail-de' AIRFLOW_CTX_DAG_ID='retail_anomaly_pipeline' AIRFLOW_CTX_TASK_ID='transform_and_detect_anomalies' AIRFLOW_CTX_EXECUTION_DATE='2026-06-07T06:00:00+00:00' AIRFLOW_CTX_TRY_NUMBER='1' AIRFLOW_CTX_DAG_RUN_ID='scheduled__2026-06-07T06:00:00+00:00'
[2026-06-08T11:54:18.611+0000] {taskinstance.py:430} INFO - ::endgroup::
[2026-06-08T11:54:18.625+0000] {transform.py:123} INFO - === TASK 3: TRANSFORM STARTED ===
[2026-06-08T11:54:18.626+0000] {connection.py:399} INFO - Snowflake Connector for Python Version: 3.10.0, Python Version: 3.12.3, Platform: Linux-6.6.87.2-microsoft-standard-WSL2-x86_64-with-glibc2.36
[2026-06-08T11:54:18.628+0000] {connection.py:1239} INFO - This connection is in OCSP Fail Open Mode. TLS Certificates would be checked for validity and revocation status. Any other Certificate Revocation related exceptions or OCSP Responder failures would be disregarded in favor of connectivity.
[2026-06-08T11:54:19.533+0000] {transform.py:128} INFO - Step 1: Deduplicating fact_daily_sales → fact_daily_sales_clean ...
[2026-06-08T11:54:20.461+0000] {cursor.py:1149} INFO - Number of results in first chunk: 1
[2026-06-08T11:54:20.462+0000] {transform.py:130} INFO -   → Deduplication complete
[2026-06-08T11:54:20.462+0000] {transform.py:133} INFO - Step 2: Ensuring anomaly_results table exists ...
[2026-06-08T11:54:20.734+0000] {cursor.py:1149} INFO - Number of results in first chunk: 1
[2026-06-08T11:54:20.736+0000] {transform.py:137} INFO - Step 3: Truncating previous anomaly_results ...
[2026-06-08T11:54:20.922+0000] {cursor.py:1149} INFO - Number of results in first chunk: 1
[2026-06-08T11:54:20.923+0000] {transform.py:141} INFO - Step 4: Computing 7-day rolling avg and anomaly flags ...
[2026-06-08T11:54:21.720+0000] {transform.py:143} INFO -   → Anomaly detection complete, results written to anomaly_results
[2026-06-08T11:54:21.721+0000] {transform.py:146} INFO - Step 5: Validation summary ...
[2026-06-08T11:54:21.863+0000] {cursor.py:1149} INFO - Number of results in first chunk: 2
[2026-06-08T11:54:21.866+0000] {transform.py:149} INFO -   [RAW] rows=90,033  revenue=₹1,117,782,340.00
[2026-06-08T11:54:21.867+0000] {transform.py:149} INFO -   [CLEAN] rows=89,600  revenue=₹1,112,462,210.00
[2026-06-08T11:54:21.868+0000] {transform.py:157} INFO -   Revenue inflation from duplicates: 0.48%
[2026-06-08T11:54:22.060+0000] {cursor.py:1149} INFO - Number of results in first chunk: 2
[2026-06-08T11:54:22.061+0000] {transform.py:161} INFO -   DROP: 5 days, ₹-2,372,350 impact
[2026-06-08T11:54:22.062+0000] {transform.py:161} INFO -   SPIKE: 7 days, ₹3,856,652 impact
[2026-06-08T11:54:22.063+0000] {transform.py:166} INFO - === TASK 3: TRANSFORM COMPLETE ===
[2026-06-08T11:54:22.064+0000] {connection.py:762} INFO - closed
[2026-06-08T11:54:22.146+0000] {connection.py:768} INFO - No async queries seem to be running, deleting session
[2026-06-08T11:54:22.235+0000] {python.py:237} INFO - Done. Returned value was: None
[2026-06-08T11:54:22.236+0000] {taskinstance.py:441} INFO - ::group::Post task execution logs
[2026-06-08T11:54:22.250+0000] {taskinstance.py:1206} INFO - Marking task as SUCCESS. dag_id=retail_anomaly_pipeline, task_id=transform_and_detect_anomalies, run_id=scheduled__2026-06-07T06:00:00+00:00, execution_date=20260607T060000, start_date=20260608T115418, end_date=20260608T115422
[2026-06-08T11:54:22.274+0000] {local_task_job_runner.py:240} INFO - Task exited with return code 0
[2026-06-08T11:54:22.307+0000] {taskinstance.py:3498} INFO - 1 downstream tasks scheduled from follow-on schedule check
[2026-06-08T11:54:22.311+0000] {local_task_job_runner.py:222} INFO - ::endgroup::
