[2026-03-05T08:36:17.366+0000] {local_task_job_runner.py:120} INFO - ::group::Pre task execution logs
[2026-03-05T08:36:17.431+0000] {taskinstance.py:2076} INFO - Dependencies all met for dep_context=non-requeueable deps ti=<TaskInstance: retail_anomaly_pipeline.data_quality_checks manual__2026-03-05T08:24:49.540844+00:00 [queued]>
[2026-03-05T08:36:17.449+0000] {taskinstance.py:2076} INFO - Dependencies all met for dep_context=requeueable deps ti=<TaskInstance: retail_anomaly_pipeline.data_quality_checks manual__2026-03-05T08:24:49.540844+00:00 [queued]>
[2026-03-05T08:36:17.451+0000] {taskinstance.py:2306} INFO - Starting attempt 3 of 4
[2026-03-05T08:36:17.474+0000] {taskinstance.py:2330} INFO - Executing <Task(PythonOperator): data_quality_checks> on 2026-03-05 08:24:49.540844+00:00
[2026-03-05T08:36:17.508+0000] {logging_mixin.py:188} WARNING - /home/***/.local/lib/python3.12/site-packages/***/task/task_runner/standard_task_runner.py:61 DeprecationWarning: This process (pid=587) is multi-threaded, use of fork() may lead to deadlocks in the child.
[2026-03-05T08:36:17.505+0000] {standard_task_runner.py:90} INFO - Running: ['***', 'tasks', 'run', 'retail_anomaly_pipeline', 'data_quality_checks', 'manual__2026-03-05T08:24:49.540844+00:00', '--job-id', '23', '--raw', '--subdir', 'DAGS_FOLDER/retail_pipeline.py', '--cfg-path', '/tmp/tmpzsner3y9']
[2026-03-05T08:36:17.510+0000] {standard_task_runner.py:63} INFO - Started process 591 to run task
[2026-03-05T08:36:17.511+0000] {standard_task_runner.py:91} INFO - Job 23: Subtask data_quality_checks
[2026-03-05T08:36:17.647+0000] {task_command.py:426} INFO - Running <TaskInstance: retail_anomaly_pipeline.data_quality_checks manual__2026-03-05T08:24:49.540844+00:00 [running]> on host c37376863fc4
[2026-03-05T08:36:17.850+0000] {taskinstance.py:2648} INFO - Exporting env vars: AIRFLOW_CTX_DAG_OWNER='retail-de' AIRFLOW_CTX_DAG_ID='retail_anomaly_pipeline' AIRFLOW_CTX_TASK_ID='data_quality_checks' AIRFLOW_CTX_EXECUTION_DATE='2026-03-05T08:24:49.540844+00:00' AIRFLOW_CTX_TRY_NUMBER='3' AIRFLOW_CTX_DAG_RUN_ID='manual__2026-03-05T08:24:49.540844+00:00'
[2026-03-05T08:36:17.853+0000] {taskinstance.py:430} INFO - ::endgroup::
[2026-03-05T08:36:17.879+0000] {dq_checks.py:11} INFO - === TASK 2: DATA QUALITY CHECKS STARTED ===
[2026-03-05T08:36:17.883+0000] {connection.py:399} INFO - Snowflake Connector for Python Version: 3.10.0, Python Version: 3.12.3, Platform: Linux-6.6.87.2-microsoft-standard-WSL2-x86_64-with-glibc2.36
[2026-03-05T08:36:17.885+0000] {connection.py:1239} INFO - This connection is in OCSP Fail Open Mode. TLS Certificates would be checked for validity and revocation status. Any other Certificate Revocation related exceptions or OCSP Responder failures would be disregarded in favor of connectivity.
[2026-03-05T08:36:18.505+0000] {cursor.py:1149} INFO - Number of results in first chunk: 0
[2026-03-05T08:36:23.699+0000] {dq_checks.py:22} INFO -   ✓ Row count OK: 180066
[2026-03-05T08:36:23.710+0000] {dq_checks.py:28} INFO -   ✓ No nulls in date
[2026-03-05T08:36:23.712+0000] {dq_checks.py:28} INFO -   ✓ No nulls in store_id
[2026-03-05T08:36:23.714+0000] {dq_checks.py:28} INFO -   ✓ No nulls in product_id
[2026-03-05T08:36:23.715+0000] {dq_checks.py:28} INFO -   ✓ No nulls in units_sold
[2026-03-05T08:36:23.717+0000] {dq_checks.py:28} INFO -   ✓ No nulls in net_sales
[2026-03-05T08:36:23.719+0000] {dq_checks.py:33} INFO -   ✓ Value ranges OK
[2026-03-05T08:36:23.759+0000] {dq_checks.py:45} ERROR - DATA QUALITY FAILURE: Duplicate rate too high: 50.24%
[2026-03-05T08:36:23.761+0000] {connection.py:762} INFO - closed
[2026-03-05T08:36:23.914+0000] {connection.py:768} INFO - No async queries seem to be running, deleting session
[2026-03-05T08:36:24.026+0000] {taskinstance.py:441} INFO - ::group::Post task execution logs
[2026-03-05T08:36:24.028+0000] {taskinstance.py:2905} ERROR - Task failed with exception
Traceback (most recent call last):
  File "/home/airflow/.local/lib/python3.12/site-packages/airflow/models/taskinstance.py", line 465, in _execute_task
    result = _execute_callable(context=context, **execute_callable_kwargs)
             ^^^^^^^^^^^^^^^^^^^^^^^^^^^^^^^^^^^^^^^^^^^^^^^^^^^^^^^^^^^^^
  File "/home/airflow/.local/lib/python3.12/site-packages/airflow/models/taskinstance.py", line 432, in _execute_callable
    return execute_callable(context=context, **execute_callable_kwargs)
           ^^^^^^^^^^^^^^^^^^^^^^^^^^^^^^^^^^^^^^^^^^^^^^^^^^^^^^^^^^^^
  File "/home/airflow/.local/lib/python3.12/site-packages/airflow/models/baseoperator.py", line 400, in wrapper
    return func(self, *args, **kwargs)
           ^^^^^^^^^^^^^^^^^^^^^^^^^^^
  File "/home/airflow/.local/lib/python3.12/site-packages/airflow/operators/python.py", line 235, in execute
    return_value = self.execute_callable()
                   ^^^^^^^^^^^^^^^^^^^^^^^
  File "/home/airflow/.local/lib/python3.12/site-packages/airflow/operators/python.py", line 252, in execute_callable
    return self.python_callable(*self.op_args, **self.op_kwargs)
           ^^^^^^^^^^^^^^^^^^^^^^^^^^^^^^^^^^^^^^^^^^^^^^^^^^^^^
  File "/opt/airflow/tasks/dq_checks.py", line 39, in run_dq_checks
    assert rate <= 5.0, f"Duplicate rate too high: {rate:.2f}%"
           ^^^^^^^^^^^
AssertionError: Duplicate rate too high: 50.24%
[2026-03-05T08:36:24.059+0000] {taskinstance.py:1206} INFO - Marking task as UP_FOR_RETRY. dag_id=retail_anomaly_pipeline, task_id=data_quality_checks, run_id=manual__2026-03-05T08:24:49.540844+00:00, execution_date=20260305T082449, start_date=20260305T083617, end_date=20260305T083624
[2026-03-05T08:36:24.082+0000] {standard_task_runner.py:110} ERROR - Failed to execute job 23 for task data_quality_checks (Duplicate rate too high: 50.24%; 591)
[2026-03-05T08:36:24.214+0000] {local_task_job_runner.py:240} INFO - Task exited with return code 1
[2026-03-05T08:36:24.262+0000] {taskinstance.py:3498} INFO - 0 downstream tasks scheduled from follow-on schedule check
[2026-03-05T08:36:24.293+0000] {local_task_job_runner.py:222} INFO - ::endgroup::
