[2026-03-05T08:31:33.302+0000] {local_task_job_runner.py:120} INFO - ::group::Pre task execution logs
[2026-03-05T08:31:33.403+0000] {taskinstance.py:2076} INFO - Dependencies all met for dep_context=non-requeueable deps ti=<TaskInstance: retail_anomaly_pipeline.data_quality_checks manual__2026-03-05T08:24:49.540844+00:00 [queued]>
[2026-03-05T08:31:33.422+0000] {taskinstance.py:2076} INFO - Dependencies all met for dep_context=requeueable deps ti=<TaskInstance: retail_anomaly_pipeline.data_quality_checks manual__2026-03-05T08:24:49.540844+00:00 [queued]>
[2026-03-05T08:31:33.424+0000] {taskinstance.py:2306} INFO - Starting attempt 2 of 2
[2026-03-05T08:31:33.483+0000] {taskinstance.py:2330} INFO - Executing <Task(PythonOperator): data_quality_checks> on 2026-03-05 08:24:49.540844+00:00
[2026-03-05T08:31:33.531+0000] {logging_mixin.py:188} WARNING - /home/***/.local/lib/python3.12/site-packages/***/task/task_runner/standard_task_runner.py:61 DeprecationWarning: This process (pid=457) is multi-threaded, use of fork() may lead to deadlocks in the child.
[2026-03-05T08:31:33.527+0000] {standard_task_runner.py:90} INFO - Running: ['***', 'tasks', 'run', 'retail_anomaly_pipeline', 'data_quality_checks', 'manual__2026-03-05T08:24:49.540844+00:00', '--job-id', '9', '--raw', '--subdir', 'DAGS_FOLDER/retail_pipeline.py', '--cfg-path', '/tmp/tmpuh6a7dy2']
[2026-03-05T08:31:33.536+0000] {standard_task_runner.py:63} INFO - Started process 460 to run task
[2026-03-05T08:31:33.537+0000] {standard_task_runner.py:91} INFO - Job 9: Subtask data_quality_checks
[2026-03-05T08:31:33.695+0000] {task_command.py:426} INFO - Running <TaskInstance: retail_anomaly_pipeline.data_quality_checks manual__2026-03-05T08:24:49.540844+00:00 [running]> on host c37376863fc4
[2026-03-05T08:31:33.902+0000] {taskinstance.py:2648} INFO - Exporting env vars: AIRFLOW_CTX_DAG_OWNER='retail-de' AIRFLOW_CTX_DAG_ID='retail_anomaly_pipeline' AIRFLOW_CTX_TASK_ID='data_quality_checks' AIRFLOW_CTX_EXECUTION_DATE='2026-03-05T08:24:49.540844+00:00' AIRFLOW_CTX_TRY_NUMBER='2' AIRFLOW_CTX_DAG_RUN_ID='manual__2026-03-05T08:24:49.540844+00:00'
[2026-03-05T08:31:33.905+0000] {taskinstance.py:430} INFO - ::endgroup::
[2026-03-05T08:31:33.941+0000] {dq_checks.py:91} INFO - === TASK 2: DATA QUALITY CHECKS STARTED ===
[2026-03-05T08:31:33.943+0000] {connection.py:399} INFO - Snowflake Connector for Python Version: 3.10.0, Python Version: 3.12.3, Platform: Linux-6.6.87.2-microsoft-standard-WSL2-x86_64-with-glibc2.36
[2026-03-05T08:31:33.946+0000] {connection.py:1239} INFO - This connection is in OCSP Fail Open Mode. TLS Certificates would be checked for validity and revocation status. Any other Certificate Revocation related exceptions or OCSP Responder failures would be disregarded in favor of connectivity.
[2026-03-05T08:31:34.732+0000] {dq_checks.py:96} INFO - Fetching tables from Snowflake ...
[2026-03-05T08:31:34.911+0000] {cursor.py:1149} INFO - Number of results in first chunk: 0
[2026-03-05T08:31:37.325+0000] {cursor.py:1149} INFO - Number of results in first chunk: 10
[2026-03-05T08:31:37.428+0000] {cursor.py:1149} INFO - Number of results in first chunk: 50
[2026-03-05T08:31:37.430+0000] {dq_checks.py:101} INFO - fact_daily_sales: 90033 rows loaded for validation
[2026-03-05T08:31:37.822+0000] {dq_checks.py:112} INFO - Suite 1: Row count checks
[2026-03-05T08:31:37.823+0000] {dq_checks.py:70} INFO -   ✓ fact_daily_sales — row count 90033 >= 1000
[2026-03-05T08:31:37.824+0000] {dq_checks.py:116} INFO - Suite 2: Null checks
[2026-03-05T08:31:37.832+0000] {dq_checks.py:44} INFO -   ✓ fact_daily_sales.date — no nulls
[2026-03-05T08:31:37.834+0000] {dq_checks.py:44} INFO -   ✓ fact_daily_sales.store_id — no nulls
[2026-03-05T08:31:37.835+0000] {dq_checks.py:44} INFO -   ✓ fact_daily_sales.product_id — no nulls
[2026-03-05T08:31:37.836+0000] {dq_checks.py:44} INFO -   ✓ fact_daily_sales.units_sold — no nulls
[2026-03-05T08:31:37.838+0000] {dq_checks.py:44} INFO -   ✓ fact_daily_sales.net_sales — no nulls
[2026-03-05T08:31:37.839+0000] {dq_checks.py:121} INFO - Suite 3: Value range checks
[2026-03-05T08:31:37.840+0000] {dq_checks.py:150} ERROR - DATA QUALITY FAILURE: [fact_daily_sales] Column 'units_sold' min=0 — expected >= 1.
[2026-03-05T08:31:37.841+0000] {dq_checks.py:151} ERROR - Pipeline halted. Fix the data issue and re-run.
[2026-03-05T08:31:37.842+0000] {connection.py:762} INFO - closed
[2026-03-05T08:31:37.905+0000] {connection.py:768} INFO - No async queries seem to be running, deleting session
[2026-03-05T08:31:37.983+0000] {taskinstance.py:441} INFO - ::group::Post task execution logs
[2026-03-05T08:31:37.986+0000] {taskinstance.py:2905} ERROR - Task failed with exception
Traceback (most recent call last):
  File "/home/airflow/.local/lib/python3.12/site-packages/airflow/models/taskinstance.py", line 465, in _execute_task
    result = _execute_callable(context=context, **execute_callable_kwargs)
             ^^^^^^^^^^^^^^^^^^^^^^^^^^^^^^^^^^^^^^^^^^^^^^^^^^^^^^^^^^^^^
  File "/home/airflow/.local/lib/python3.12/site-packages/airflow/models/taskinstance.py", line 432, in _execute_callable
    return execute_callable(context=context, **execute_callable_kwargs)
           ^^^^^^^^^^^^^^^^^^^^^^^^^^^^^^^^^^^^^^^^^^^^^^^^^^^^^^^^^^^^
  File "/home/airflow/.local/lib/python3.12/site-packages/airflow/models/baseoperator.py", line 400, in wrapper
    return func(self, *args, **kwargs)
           ^^^^^^^^^^^^^^^^^^^^^^^^^^^
  File "/home/airflow/.local/lib/python3.12/site-packages/airflow/operators/python.py", line 235, in execute
    return_value = self.execute_callable()
                   ^^^^^^^^^^^^^^^^^^^^^^^
  File "/home/airflow/.local/lib/python3.12/site-packages/airflow/operators/python.py", line 252, in execute_callable
    return self.python_callable(*self.op_args, **self.op_kwargs)
           ^^^^^^^^^^^^^^^^^^^^^^^^^^^^^^^^^^^^^^^^^^^^^^^^^^^^^
  File "/opt/airflow/tasks/dq_checks.py", line 122, in run_dq_checks
    expect_column_min(fact, 'units_sold', 1,   'fact_daily_sales')
  File "/opt/airflow/tasks/dq_checks.py", line 50, in expect_column_min
    raise ExpectationFailedError(
dq_checks.ExpectationFailedError: [fact_daily_sales] Column 'units_sold' min=0 — expected >= 1.
[2026-03-05T08:31:38.054+0000] {taskinstance.py:1206} INFO - Marking task as FAILED. dag_id=retail_anomaly_pipeline, task_id=data_quality_checks, run_id=manual__2026-03-05T08:24:49.540844+00:00, execution_date=20260305T082449, start_date=20260305T083133, end_date=20260305T083138
[2026-03-05T08:31:38.083+0000] {standard_task_runner.py:110} ERROR - Failed to execute job 9 for task data_quality_checks ([fact_daily_sales] Column 'units_sold' min=0 — expected >= 1.; 460)
[2026-03-05T08:31:38.179+0000] {local_task_job_runner.py:240} INFO - Task exited with return code 1
[2026-03-05T08:31:38.229+0000] {taskinstance.py:3498} INFO - 0 downstream tasks scheduled from follow-on schedule check
[2026-03-05T08:31:38.239+0000] {local_task_job_runner.py:222} INFO - ::endgroup::
