[2026-03-05T08:39:15.390+0000] {local_task_job_runner.py:120} INFO - ::group::Pre task execution logs
[2026-03-05T08:39:15.457+0000] {taskinstance.py:2076} INFO - Dependencies all met for dep_context=non-requeueable deps ti=<TaskInstance: retail_anomaly_pipeline.data_quality_checks manual__2026-03-05T08:24:49.540844+00:00 [queued]>
[2026-03-05T08:39:15.474+0000] {taskinstance.py:2076} INFO - Dependencies all met for dep_context=requeueable deps ti=<TaskInstance: retail_anomaly_pipeline.data_quality_checks manual__2026-03-05T08:24:49.540844+00:00 [queued]>
[2026-03-05T08:39:15.476+0000] {taskinstance.py:2306} INFO - Starting attempt 4 of 5
[2026-03-05T08:39:15.504+0000] {taskinstance.py:2330} INFO - Executing <Task(PythonOperator): data_quality_checks> on 2026-03-05 08:24:49.540844+00:00
[2026-03-05T08:39:15.533+0000] {logging_mixin.py:188} WARNING - /home/***/.local/lib/python3.12/site-packages/***/task/task_runner/standard_task_runner.py:61 DeprecationWarning: This process (pid=639) is multi-threaded, use of fork() may lead to deadlocks in the child.
[2026-03-05T08:39:15.536+0000] {standard_task_runner.py:63} INFO - Started process 642 to run task
[2026-03-05T08:39:15.532+0000] {standard_task_runner.py:90} INFO - Running: ['***', 'tasks', 'run', 'retail_anomaly_pipeline', 'data_quality_checks', 'manual__2026-03-05T08:24:49.540844+00:00', '--job-id', '25', '--raw', '--subdir', 'DAGS_FOLDER/retail_pipeline.py', '--cfg-path', '/tmp/tmp48bj_4df']
[2026-03-05T08:39:15.538+0000] {standard_task_runner.py:91} INFO - Job 25: Subtask data_quality_checks
[2026-03-05T08:39:15.676+0000] {task_command.py:426} INFO - Running <TaskInstance: retail_anomaly_pipeline.data_quality_checks manual__2026-03-05T08:24:49.540844+00:00 [running]> on host c37376863fc4
[2026-03-05T08:39:15.877+0000] {taskinstance.py:2648} INFO - Exporting env vars: AIRFLOW_CTX_DAG_OWNER='retail-de' AIRFLOW_CTX_DAG_ID='retail_anomaly_pipeline' AIRFLOW_CTX_TASK_ID='data_quality_checks' AIRFLOW_CTX_EXECUTION_DATE='2026-03-05T08:24:49.540844+00:00' AIRFLOW_CTX_TRY_NUMBER='4' AIRFLOW_CTX_DAG_RUN_ID='manual__2026-03-05T08:24:49.540844+00:00'
[2026-03-05T08:39:15.879+0000] {taskinstance.py:430} INFO - ::endgroup::
[2026-03-05T08:39:15.904+0000] {dq_checks.py:11} INFO - === TASK 2: DATA QUALITY CHECKS STARTED ===
[2026-03-05T08:39:15.907+0000] {connection.py:399} INFO - Snowflake Connector for Python Version: 3.10.0, Python Version: 3.12.3, Platform: Linux-6.6.87.2-microsoft-standard-WSL2-x86_64-with-glibc2.36
[2026-03-05T08:39:15.909+0000] {connection.py:1239} INFO - This connection is in OCSP Fail Open Mode. TLS Certificates would be checked for validity and revocation status. Any other Certificate Revocation related exceptions or OCSP Responder failures would be disregarded in favor of connectivity.
[2026-03-05T08:39:17.498+0000] {cursor.py:1149} INFO - Number of results in first chunk: 7936
[2026-03-05T08:39:20.098+0000] {dq_checks.py:22} INFO -   ✓ Row count OK: 90033
[2026-03-05T08:39:20.104+0000] {dq_checks.py:28} INFO -   ✓ No nulls in date
[2026-03-05T08:39:20.106+0000] {dq_checks.py:28} INFO -   ✓ No nulls in store_id
[2026-03-05T08:39:20.107+0000] {dq_checks.py:28} INFO -   ✓ No nulls in product_id
[2026-03-05T08:39:20.109+0000] {dq_checks.py:28} INFO -   ✓ No nulls in units_sold
[2026-03-05T08:39:20.110+0000] {dq_checks.py:28} INFO -   ✓ No nulls in net_sales
[2026-03-05T08:39:20.112+0000] {dq_checks.py:33} INFO -   ✓ Value ranges OK
[2026-03-05T08:39:20.140+0000] {dq_checks.py:40} INFO -   ✓ Duplicate rate OK: 0.48%
[2026-03-05T08:39:20.141+0000] {dq_checks.py:42} INFO - === TASK 2: ALL CHECKS PASSED ===
[2026-03-05T08:39:20.142+0000] {connection.py:762} INFO - closed
[2026-03-05T08:39:20.210+0000] {connection.py:768} INFO - No async queries seem to be running, deleting session
[2026-03-05T08:39:20.324+0000] {python.py:237} INFO - Done. Returned value was: None
[2026-03-05T08:39:20.326+0000] {taskinstance.py:441} INFO - ::group::Post task execution logs
[2026-03-05T08:39:20.350+0000] {taskinstance.py:1206} INFO - Marking task as SUCCESS. dag_id=retail_anomaly_pipeline, task_id=data_quality_checks, run_id=manual__2026-03-05T08:24:49.540844+00:00, execution_date=20260305T082449, start_date=20260305T083915, end_date=20260305T083920
[2026-03-05T08:39:20.419+0000] {local_task_job_runner.py:240} INFO - Task exited with return code 0
[2026-03-05T08:39:20.472+0000] {taskinstance.py:3498} INFO - 1 downstream tasks scheduled from follow-on schedule check
[2026-03-05T08:39:20.478+0000] {local_task_job_runner.py:222} INFO - ::endgroup::
